// Jest Snapshot v1, https://goo.gl/fbAQLP

exports[`day 2 should split data from input 1`] = `
Array [
  Object {
    "letter": "g",
    "max": 9,
    "min": 5,
    "password": "ggccggmgn",
  },
  Object {
    "letter": "l",
    "max": 16,
    "min": 11,
    "password": "llllqllllllllflq",
  },
  Object {
    "letter": "q",
    "max": 6,
    "min": 3,
    "password": "qvqqqpzqd",
  },
  Object {
    "letter": "f",
    "max": 11,
    "min": 6,
    "password": "ffffpcffffp",
  },
  Object {
    "letter": "l",
    "max": 8,
    "min": 7,
    "password": "lllqlwtqll",
  },
  Object {
    "letter": "q",
    "max": 10,
    "min": 8,
    "password": "qqglqqqqqqqjqmdbq",
  },
  Object {
    "letter": "w",
    "max": 6,
    "min": 4,
    "password": "hflwkwplswcnhb",
  },
  Object {
    "letter": "w",
    "max": 15,
    "min": 6,
    "password": "wwswwxlwwwwwwww",
  },
  Object {
    "letter": "f",
    "max": 5,
    "min": 3,
    "password": "fffvnpvf",
  },
  Object {
    "letter": "b",
    "max": 8,
    "min": 6,
    "password": "bhwsshbp",
  },
  Object {
    "letter": "l",
    "max": 2,
    "min": 1,
    "password": "lhll",
  },
  Object {
    "letter": "s",
    "max": 6,
    "min": 5,
    "password": "wpsxsss",
  },
  Object {
    "letter": "w",
    "max": 4,
    "min": 2,
    "password": "wswwtwww",
  },
  Object {
    "letter": "x",
    "max": 12,
    "min": 9,
    "password": "xxxxxfxxxxrnx",
  },
  Object {
    "letter": "s",
    "max": 10,
    "min": 9,
    "password": "sssscsqssshsppzsc",
  },
  Object {
    "letter": "w",
    "max": 3,
    "min": 1,
    "password": "wgwtwbksqrrcpvtfbbw",
  },
  Object {
    "letter": "r",
    "max": 9,
    "min": 2,
    "password": "wrrtcmzcrdtlmkldsckq",
  },
  Object {
    "letter": "g",
    "max": 6,
    "min": 4,
    "password": "gttdhlfgpcgrgtwc",
  },
  Object {
    "letter": "f",
    "max": 2,
    "min": 1,
    "password": "fpbcjczfwmrrxk",
  },
  Object {
    "letter": "z",
    "max": 10,
    "min": 9,
    "password": "zzzzzzzzzt",
  },
  Object {
    "letter": "m",
    "max": 8,
    "min": 1,
    "password": "mjjlsbmg",
  },
  Object {
    "letter": "p",
    "max": 7,
    "min": 5,
    "password": "ppkpprp",
  },
  Object {
    "letter": "w",
    "max": 6,
    "min": 3,
    "password": "wwwtwzwww",
  },
  Object {
    "letter": "q",
    "max": 18,
    "min": 17,
    "password": "cqqjvhqhrpqlqvqdjlbb",
  },
  Object {
    "letter": "n",
    "max": 3,
    "min": 2,
    "password": "dnphwnfz",
  },
  Object {
    "letter": "r",
    "max": 4,
    "min": 3,
    "password": "blqrrrr",
  },
  Object {
    "letter": "v",
    "max": 5,
    "min": 4,
    "password": "lsrvvpghqsdwrvppsm",
  },
  Object {
    "letter": "n",
    "max": 15,
    "min": 5,
    "password": "hclnngnhmfnjzqnvz",
  },
  Object {
    "letter": "d",
    "max": 7,
    "min": 6,
    "password": "kddmddd",
  },
  Object {
    "letter": "v",
    "max": 17,
    "min": 15,
    "password": "vvvvvvvvvvvvvvpvl",
  },
  Object {
    "letter": "q",
    "max": 4,
    "min": 3,
    "password": "kndwvq",
  },
  Object {
    "letter": "t",
    "max": 19,
    "min": 12,
    "password": "tktxcppccjlwnnmmntt",
  },
  Object {
    "letter": "p",
    "max": 8,
    "min": 6,
    "password": "ppplpcpc",
  },
  Object {
    "letter": "p",
    "max": 6,
    "min": 3,
    "password": "npprhpsxkq",
  },
  Object {
    "letter": "v",
    "max": 6,
    "min": 4,
    "password": "bvfvvv",
  },
  Object {
    "letter": "r",
    "max": 2,
    "min": 1,
    "password": "rrrr",
  },
  Object {
    "letter": "r",
    "max": 10,
    "min": 6,
    "password": "bsrcqbtrpbr",
  },
  Object {
    "letter": "w",
    "max": 8,
    "min": 7,
    "password": "wwwwwwwvw",
  },
  Object {
    "letter": "h",
    "max": 17,
    "min": 12,
    "password": "hnffmvtrqnmhgsnbhrr",
  },
  Object {
    "letter": "c",
    "max": 13,
    "min": 9,
    "password": "cccjcddcchccc",
  },
  Object {
    "letter": "c",
    "max": 13,
    "min": 11,
    "password": "cwccctccccccc",
  },
  Object {
    "letter": "d",
    "max": 8,
    "min": 6,
    "password": "khjjvdddpkddcddd",
  },
  Object {
    "letter": "r",
    "max": 2,
    "min": 1,
    "password": "lmrr",
  },
  Object {
    "letter": "t",
    "max": 5,
    "min": 1,
    "password": "wtttmt",
  },
  Object {
    "letter": "m",
    "max": 7,
    "min": 6,
    "password": "qdmmmmmxm",
  },
  Object {
    "letter": "h",
    "max": 18,
    "min": 5,
    "password": "hhhhshhhhhhhhhhhhhh",
  },
  Object {
    "letter": "l",
    "max": 11,
    "min": 4,
    "password": "llllllllllcllll",
  },
  Object {
    "letter": "k",
    "max": 8,
    "min": 2,
    "password": "kkbkkkkkkkkk",
  },
  Object {
    "letter": "q",
    "max": 6,
    "min": 3,
    "password": "rqbqmqwqgq",
  },
  Object {
    "letter": "d",
    "max": 6,
    "min": 3,
    "password": "dsrdfh",
  },
  Object {
    "letter": "m",
    "max": 20,
    "min": 16,
    "password": "qmllmddfldjmmrpmmwpt",
  },
  Object {
    "letter": "j",
    "max": 16,
    "min": 9,
    "password": "tjjpjqvhjjjtjjtjj",
  },
  Object {
    "letter": "b",
    "max": 9,
    "min": 4,
    "password": "btbdbbbbrbbb",
  },
  Object {
    "letter": "w",
    "max": 16,
    "min": 5,
    "password": "wwwwpwwwmwwwwwwmwww",
  },
  Object {
    "letter": "g",
    "max": 2,
    "min": 1,
    "password": "gggggbwgggbgg",
  },
  Object {
    "letter": "l",
    "max": 2,
    "min": 1,
    "password": "lllllbcwlllkfb",
  },
  Object {
    "letter": "h",
    "max": 5,
    "min": 4,
    "password": "ghhshkhhhdbs",
  },
  Object {
    "letter": "s",
    "max": 5,
    "min": 4,
    "password": "ssssssvssspssxs",
  },
  Object {
    "letter": "k",
    "max": 12,
    "min": 7,
    "password": "kkpkkkgtrkkk",
  },
  Object {
    "letter": "t",
    "max": 16,
    "min": 11,
    "password": "tgjttttktrtstsxtm",
  },
  Object {
    "letter": "c",
    "max": 13,
    "min": 9,
    "password": "cccccccccccccc",
  },
  Object {
    "letter": "q",
    "max": 9,
    "min": 5,
    "password": "qqqqqqqqq",
  },
  Object {
    "letter": "q",
    "max": 4,
    "min": 2,
    "password": "rqqqq",
  },
  Object {
    "letter": "l",
    "max": 6,
    "min": 4,
    "password": "lllblql",
  },
  Object {
    "letter": "b",
    "max": 4,
    "min": 2,
    "password": "jbbbnvbx",
  },
  Object {
    "letter": "q",
    "max": 9,
    "min": 4,
    "password": "kqqqbxqsq",
  },
  Object {
    "letter": "q",
    "max": 4,
    "min": 3,
    "password": "rzjrcq",
  },
  Object {
    "letter": "l",
    "max": 5,
    "min": 1,
    "password": "rllqsc",
  },
  Object {
    "letter": "l",
    "max": 6,
    "min": 1,
    "password": "lgljslmsmbwbllsjw",
  },
  Object {
    "letter": "p",
    "max": 5,
    "min": 2,
    "password": "psmkj",
  },
  Object {
    "letter": "v",
    "max": 3,
    "min": 1,
    "password": "vvvvv",
  },
  Object {
    "letter": "k",
    "max": 10,
    "min": 7,
    "password": "kbmdkkdkpzxhkqk",
  },
  Object {
    "letter": "g",
    "max": 6,
    "min": 3,
    "password": "ggtgpgxg",
  },
  Object {
    "letter": "w",
    "max": 8,
    "min": 1,
    "password": "wswwwgww",
  },
  Object {
    "letter": "r",
    "max": 6,
    "min": 2,
    "password": "rrqmfs",
  },
  Object {
    "letter": "r",
    "max": 6,
    "min": 5,
    "password": "rrrrpzr",
  },
  Object {
    "letter": "v",
    "max": 5,
    "min": 2,
    "password": "vvfvvv",
  },
  Object {
    "letter": "r",
    "max": 10,
    "min": 5,
    "password": "rdrrrrrnrr",
  },
  Object {
    "letter": "v",
    "max": 7,
    "min": 1,
    "password": "vvvvdvvvv",
  },
  Object {
    "letter": "r",
    "max": 7,
    "min": 6,
    "password": "nhbxnrr",
  },
  Object {
    "letter": "g",
    "max": 4,
    "min": 1,
    "password": "mggr",
  },
  Object {
    "letter": "g",
    "max": 3,
    "min": 2,
    "password": "ggqtgw",
  },
  Object {
    "letter": "k",
    "max": 8,
    "min": 7,
    "password": "qkkkckkkxxwkvt",
  },
  Object {
    "letter": "g",
    "max": 4,
    "min": 2,
    "password": "gbmgx",
  },
  Object {
    "letter": "w",
    "max": 14,
    "min": 7,
    "password": "wrwnftwrbcbxrx",
  },
  Object {
    "letter": "f",
    "max": 10,
    "min": 7,
    "password": "ffkmfftlnf",
  },
  Object {
    "letter": "j",
    "max": 13,
    "min": 10,
    "password": "qjjjjjjjjgjjq",
  },
  Object {
    "letter": "n",
    "max": 13,
    "min": 11,
    "password": "ntnnnnnnnnknsn",
  },
  Object {
    "letter": "d",
    "max": 7,
    "min": 1,
    "password": "lsddrwzzddhxddq",
  },
  Object {
    "letter": "q",
    "max": 17,
    "min": 12,
    "password": "qjqqqrlqdqqvqwqqd",
  },
  Object {
    "letter": "z",
    "max": 3,
    "min": 2,
    "password": "crzz",
  },
  Object {
    "letter": "d",
    "max": 4,
    "min": 3,
    "password": "dtsd",
  },
  Object {
    "letter": "k",
    "max": 5,
    "min": 3,
    "password": "hkgstlvxr",
  },
  Object {
    "letter": "d",
    "max": 19,
    "min": 18,
    "password": "hswndtgrdtwtdddddpl",
  },
  Object {
    "letter": "x",
    "max": 12,
    "min": 9,
    "password": "xxxqxxxxxxxjhxx",
  },
  Object {
    "letter": "b",
    "max": 2,
    "min": 1,
    "password": "dpbb",
  },
  Object {
    "letter": "h",
    "max": 15,
    "min": 8,
    "password": "bhhzkqhghhtphfzh",
  },
  Object {
    "letter": "d",
    "max": 17,
    "min": 13,
    "password": "dnddddddddddddddxd",
  },
  Object {
    "letter": "m",
    "max": 17,
    "min": 15,
    "password": "mmmmmmmmmmmmmmmmmmmm",
  },
  Object {
    "letter": "r",
    "max": 11,
    "min": 5,
    "password": "rrrrwrrrrrwrr",
  },
  Object {
    "letter": "v",
    "max": 6,
    "min": 4,
    "password": "vvvhvf",
  },
  Object {
    "letter": "l",
    "max": 10,
    "min": 7,
    "password": "lllllltxlfllfll",
  },
  Object {
    "letter": "s",
    "max": 7,
    "min": 3,
    "password": "sssssssss",
  },
  Object {
    "letter": "b",
    "max": 7,
    "min": 2,
    "password": "fbfcfdgtbb",
  },
  Object {
    "letter": "x",
    "max": 5,
    "min": 4,
    "password": "xmxxxxx",
  },
  Object {
    "letter": "g",
    "max": 5,
    "min": 2,
    "password": "gqqsqbmgclq",
  },
  Object {
    "letter": "z",
    "max": 5,
    "min": 3,
    "password": "zbzgznzp",
  },
  Object {
    "letter": "z",
    "max": 8,
    "min": 7,
    "password": "hzzxtzzz",
  },
  Object {
    "letter": "q",
    "max": 4,
    "min": 2,
    "password": "qjqqqq",
  },
  Object {
    "letter": "g",
    "max": 19,
    "min": 17,
    "password": "ggggggggggggggggggwg",
  },
  Object {
    "letter": "s",
    "max": 10,
    "min": 7,
    "password": "pwqssvsqmsbfrbfg",
  },
  Object {
    "letter": "b",
    "max": 12,
    "min": 8,
    "password": "bbbbbbbsvbfsfgvbzbk",
  },
  Object {
    "letter": "n",
    "max": 9,
    "min": 1,
    "password": "mnnnnnnnnn",
  },
  Object {
    "letter": "z",
    "max": 3,
    "min": 2,
    "password": "zcwzz",
  },
  Object {
    "letter": "x",
    "max": 18,
    "min": 6,
    "password": "xxxxxtxxxxxxxxxxxlx",
  },
  Object {
    "letter": "m",
    "max": 15,
    "min": 6,
    "password": "mmtmmmmmmmmmmmmdmm",
  },
  Object {
    "letter": "v",
    "max": 8,
    "min": 4,
    "password": "bfbvlmwgrvlh",
  },
  Object {
    "letter": "m",
    "max": 18,
    "min": 16,
    "password": "mmmmmmmmmmmmmmmjmd",
  },
  Object {
    "letter": "j",
    "max": 9,
    "min": 8,
    "password": "hjqdjjjgj",
  },
  Object {
    "letter": "q",
    "max": 3,
    "min": 2,
    "password": "qfkv",
  },
  Object {
    "letter": "p",
    "max": 12,
    "min": 10,
    "password": "kpzvlppqzmpdd",
  },
  Object {
    "letter": "s",
    "max": 4,
    "min": 3,
    "password": "ssss",
  },
  Object {
    "letter": "c",
    "max": 12,
    "min": 2,
    "password": "mcnscktznndc",
  },
  Object {
    "letter": "l",
    "max": 5,
    "min": 3,
    "password": "lllllll",
  },
  Object {
    "letter": "w",
    "max": 4,
    "min": 3,
    "password": "wwww",
  },
  Object {
    "letter": "s",
    "max": 10,
    "min": 9,
    "password": "sssssssssls",
  },
  Object {
    "letter": "d",
    "max": 13,
    "min": 11,
    "password": "dzdddddjddtddw",
  },
  Object {
    "letter": "x",
    "max": 7,
    "min": 6,
    "password": "xxjxxxxdx",
  },
  Object {
    "letter": "f",
    "max": 8,
    "min": 7,
    "password": "dqjhfqfw",
  },
  Object {
    "letter": "m",
    "max": 13,
    "min": 8,
    "password": "mmmmqmmlmmmmcmmmmmmm",
  },
  Object {
    "letter": "j",
    "max": 10,
    "min": 7,
    "password": "bdcmkjjhfjzbfwxgzg",
  },
  Object {
    "letter": "j",
    "max": 8,
    "min": 3,
    "password": "tgmdwwjjnjgjgjhjtx",
  },
  Object {
    "letter": "l",
    "max": 7,
    "min": 4,
    "password": "llllllllvplglld",
  },
  Object {
    "letter": "z",
    "max": 15,
    "min": 11,
    "password": "tzxvzzzzzzmfzzczz",
  },
  Object {
    "letter": "z",
    "max": 6,
    "min": 3,
    "password": "zzzzpzzsgztcpzz",
  },
  Object {
    "letter": "x",
    "max": 13,
    "min": 9,
    "password": "pfzxpqtckxvsxx",
  },
  Object {
    "letter": "g",
    "max": 8,
    "min": 7,
    "password": "gmglbpgxwglxbztbkgcv",
  },
  Object {
    "letter": "b",
    "max": 5,
    "min": 3,
    "password": "vqnbbb",
  },
  Object {
    "letter": "g",
    "max": 7,
    "min": 6,
    "password": "ggggggg",
  },
  Object {
    "letter": "n",
    "max": 10,
    "min": 4,
    "password": "nnqnnnnnnmhqnnnn",
  },
  Object {
    "letter": "b",
    "max": 9,
    "min": 7,
    "password": "bbbbbbqbdbkbqbbb",
  },
  Object {
    "letter": "h",
    "max": 17,
    "min": 15,
    "password": "hhhhhhhhhhhhhhdhjz",
  },
  Object {
    "letter": "b",
    "max": 3,
    "min": 2,
    "password": "bbbxb",
  },
  Object {
    "letter": "b",
    "max": 3,
    "min": 1,
    "password": "bpbvbbbbbbbbzlbrsb",
  },
  Object {
    "letter": "c",
    "max": 13,
    "min": 9,
    "password": "ccccccccpcccvc",
  },
  Object {
    "letter": "n",
    "max": 13,
    "min": 10,
    "password": "hnnnwbnnnntnnn",
  },
  Object {
    "letter": "s",
    "max": 12,
    "min": 6,
    "password": "zssscssfsssszs",
  },
  Object {
    "letter": "n",
    "max": 9,
    "min": 2,
    "password": "pnwkdvknxhvvqpjrqk",
  },
  Object {
    "letter": "c",
    "max": 2,
    "min": 1,
    "password": "hvfdcltktc",
  },
  Object {
    "letter": "c",
    "max": 6,
    "min": 3,
    "password": "cpccblcrqnlfdnd",
  },
  Object {
    "letter": "h",
    "max": 14,
    "min": 12,
    "password": "mxpghswhdlklnb",
  },
  Object {
    "letter": "b",
    "max": 5,
    "min": 4,
    "password": "kbbggvbbxkbsl",
  },
  Object {
    "letter": "j",
    "max": 6,
    "min": 1,
    "password": "chjjjxjjjj",
  },
  Object {
    "letter": "m",
    "max": 6,
    "min": 4,
    "password": "mmmmmmm",
  },
  Object {
    "letter": "m",
    "max": 15,
    "min": 13,
    "password": "mmmmmmmmmmmmrms",
  },
  Object {
    "letter": "z",
    "max": 15,
    "min": 9,
    "password": "zzzzzzzzxzzzzzzz",
  },
  Object {
    "letter": "q",
    "max": 11,
    "min": 5,
    "password": "gqmlbsgjbzv",
  },
  Object {
    "letter": "t",
    "max": 15,
    "min": 12,
    "password": "sgtgscntdttttjt",
  },
  Object {
    "letter": "h",
    "max": 15,
    "min": 13,
    "password": "sgxqbhhhmkfzhmd",
  },
  Object {
    "letter": "p",
    "max": 9,
    "min": 7,
    "password": "dppzplppppt",
  },
  Object {
    "letter": "v",
    "max": 6,
    "min": 2,
    "password": "rzlgcxspgwdwrkxbsqvw",
  },
  Object {
    "letter": "n",
    "max": 5,
    "min": 2,
    "password": "mnlxnnn",
  },
  Object {
    "letter": "p",
    "max": 18,
    "min": 17,
    "password": "pkcjklpppxdqptpnfxk",
  },
  Object {
    "letter": "s",
    "max": 11,
    "min": 10,
    "password": "sssjssssstd",
  },
  Object {
    "letter": "f",
    "max": 11,
    "min": 8,
    "password": "fffffffffffffffff",
  },
  Object {
    "letter": "h",
    "max": 3,
    "min": 1,
    "password": "hhhhhhh",
  },
  Object {
    "letter": "d",
    "max": 5,
    "min": 4,
    "password": "vddxnd",
  },
  Object {
    "letter": "h",
    "max": 10,
    "min": 2,
    "password": "hxhhhhhhhhhh",
  },
  Object {
    "letter": "c",
    "max": 13,
    "min": 11,
    "password": "vrmccccccqcccccchnk",
  },
  Object {
    "letter": "l",
    "max": 14,
    "min": 8,
    "password": "llrlllllllllqljjm",
  },
  Object {
    "letter": "g",
    "max": 15,
    "min": 9,
    "password": "bkglbmgfgkfxnblg",
  },
  Object {
    "letter": "c",
    "max": 16,
    "min": 14,
    "password": "ccccbccccccccccccccc",
  },
  Object {
    "letter": "l",
    "max": 5,
    "min": 3,
    "password": "llglx",
  },
  Object {
    "letter": "t",
    "max": 7,
    "min": 1,
    "password": "qtttgtn",
  },
  Object {
    "letter": "j",
    "max": 8,
    "min": 6,
    "password": "jjjjjjjjkjjjj",
  },
  Object {
    "letter": "n",
    "max": 14,
    "min": 11,
    "password": "btnndcxnbnnjjnnkvn",
  },
  Object {
    "letter": "r",
    "max": 5,
    "min": 4,
    "password": "rgrrq",
  },
  Object {
    "letter": "l",
    "max": 9,
    "min": 7,
    "password": "rxltlljllll",
  },
  Object {
    "letter": "w",
    "max": 5,
    "min": 1,
    "password": "wwrgn",
  },
  Object {
    "letter": "d",
    "max": 18,
    "min": 14,
    "password": "zlxdglmbsstdbqddnq",
  },
  Object {
    "letter": "m",
    "max": 18,
    "min": 1,
    "password": "mmmmmmmmmmmmmmmmmm",
  },
  Object {
    "letter": "p",
    "max": 16,
    "min": 13,
    "password": "prpphpqppplppzpnpppp",
  },
  Object {
    "letter": "s",
    "max": 6,
    "min": 3,
    "password": "nfdsssssss",
  },
  Object {
    "letter": "b",
    "max": 12,
    "min": 11,
    "password": "bmbbstbbwbbt",
  },
  Object {
    "letter": "x",
    "max": 6,
    "min": 5,
    "password": "fstlxx",
  },
  Object {
    "letter": "w",
    "max": 11,
    "min": 7,
    "password": "hwmxkpwwdfmr",
  },
  Object {
    "letter": "m",
    "max": 4,
    "min": 2,
    "password": "lwsrm",
  },
  Object {
    "letter": "h",
    "max": 15,
    "min": 11,
    "password": "hhhhhthhhhhhhdh",
  },
  Object {
    "letter": "h",
    "max": 15,
    "min": 11,
    "password": "hhspzhhghhhhhph",
  },
  Object {
    "letter": "g",
    "max": 13,
    "min": 12,
    "password": "ggggggggggglv",
  },
  Object {
    "letter": "r",
    "max": 2,
    "min": 1,
    "password": "rqgrtrjrrrr",
  },
  Object {
    "letter": "m",
    "max": 5,
    "min": 2,
    "password": "rmmmmmmm",
  },
  Object {
    "letter": "w",
    "max": 12,
    "min": 2,
    "password": "swbdnqjpgkhlgfcwhjtl",
  },
  Object {
    "letter": "b",
    "max": 12,
    "min": 3,
    "password": "bbpbdbbbwbdbb",
  },
  Object {
    "letter": "z",
    "max": 10,
    "min": 8,
    "password": "zzzzzzzzzzzzz",
  },
  Object {
    "letter": "m",
    "max": 12,
    "min": 5,
    "password": "mmmzwmxmmjnhlmdbmm",
  },
  Object {
    "letter": "q",
    "max": 9,
    "min": 7,
    "password": "pqqqqqqqqqqdqq",
  },
  Object {
    "letter": "z",
    "max": 14,
    "min": 12,
    "password": "zmrzqkzmzzwxptz",
  },
  Object {
    "letter": "n",
    "max": 10,
    "min": 1,
    "password": "nnnnwnnnnnnn",
  },
  Object {
    "letter": "s",
    "max": 4,
    "min": 2,
    "password": "gvsw",
  },
  Object {
    "letter": "f",
    "max": 5,
    "min": 2,
    "password": "tbfffff",
  },
  Object {
    "letter": "p",
    "max": 11,
    "min": 7,
    "password": "xpgzpppmppp",
  },
  Object {
    "letter": "v",
    "max": 15,
    "min": 6,
    "password": "jvgvmzvxvvvvvwnvv",
  },
  Object {
    "letter": "n",
    "max": 2,
    "min": 1,
    "password": "nnnnftznb",
  },
  Object {
    "letter": "t",
    "max": 13,
    "min": 7,
    "password": "ttttttttttttttt",
  },
  Object {
    "letter": "p",
    "max": 20,
    "min": 19,
    "password": "pppppppppppppppptplt",
  },
  Object {
    "letter": "h",
    "max": 5,
    "min": 1,
    "password": "xhvbhhpzthh",
  },
  Object {
    "letter": "b",
    "max": 10,
    "min": 8,
    "password": "bbbbbbxwbbbbbbb",
  },
  Object {
    "letter": "w",
    "max": 13,
    "min": 7,
    "password": "wwhbwwwwkwdww",
  },
  Object {
    "letter": "p",
    "max": 4,
    "min": 2,
    "password": "zpppshgljlgzcsp",
  },
  Object {
    "letter": "p",
    "max": 8,
    "min": 7,
    "password": "pngtdrbp",
  },
  Object {
    "letter": "f",
    "max": 12,
    "min": 10,
    "password": "ffffbffffffffff",
  },
  Object {
    "letter": "t",
    "max": 5,
    "min": 2,
    "password": "vttgtqxn",
  },
  Object {
    "letter": "r",
    "max": 4,
    "min": 3,
    "password": "rrfr",
  },
  Object {
    "letter": "r",
    "max": 6,
    "min": 4,
    "password": "rrrrrrr",
  },
  Object {
    "letter": "c",
    "max": 15,
    "min": 3,
    "password": "cnckhgxpwhcgnzw",
  },
  Object {
    "letter": "d",
    "max": 7,
    "min": 4,
    "password": "ldddxzjngg",
  },
  Object {
    "letter": "b",
    "max": 10,
    "min": 9,
    "password": "bgjpmqmjgb",
  },
  Object {
    "letter": "v",
    "max": 5,
    "min": 4,
    "password": "vqhvvvz",
  },
  Object {
    "letter": "b",
    "max": 12,
    "min": 9,
    "password": "wvdsqhdhdcbt",
  },
  Object {
    "letter": "w",
    "max": 3,
    "min": 2,
    "password": "wwww",
  },
  Object {
    "letter": "w",
    "max": 17,
    "min": 16,
    "password": "dwzwwvrjlwlwwnfwlsts",
  },
  Object {
    "letter": "x",
    "max": 5,
    "min": 4,
    "password": "bmbmxpxrg",
  },
  Object {
    "letter": "p",
    "max": 6,
    "min": 3,
    "password": "pjpxbp",
  },
  Object {
    "letter": "j",
    "max": 5,
    "min": 1,
    "password": "vdsjxj",
  },
  Object {
    "letter": "x",
    "max": 3,
    "min": 2,
    "password": "xxsxfxxxxxs",
  },
  Object {
    "letter": "j",
    "max": 15,
    "min": 9,
    "password": "lbwqpstwjjbwpzjkgj",
  },
  Object {
    "letter": "n",
    "max": 13,
    "min": 10,
    "password": "hnvnnnpnnnnnnnnnnnn",
  },
  Object {
    "letter": "m",
    "max": 11,
    "min": 10,
    "password": "tmmmkmmmzmnmvm",
  },
  Object {
    "letter": "l",
    "max": 12,
    "min": 6,
    "password": "lslllllmlllrlxl",
  },
  Object {
    "letter": "r",
    "max": 10,
    "min": 8,
    "password": "rrrrrrrrrrrrrrr",
  },
  Object {
    "letter": "b",
    "max": 11,
    "min": 9,
    "password": "hmhnzhflblcbsrfsj",
  },
  Object {
    "letter": "h",
    "max": 13,
    "min": 10,
    "password": "nhmhwhbhzkrlwh",
  },
  Object {
    "letter": "s",
    "max": 14,
    "min": 12,
    "password": "dsrssjhrsssgsxksssg",
  },
  Object {
    "letter": "d",
    "max": 7,
    "min": 2,
    "password": "nhdlpddffdgdp",
  },
  Object {
    "letter": "p",
    "max": 5,
    "min": 1,
    "password": "pppppp",
  },
  Object {
    "letter": "k",
    "max": 16,
    "min": 11,
    "password": "gcxckpvrtvkhrdkht",
  },
  Object {
    "letter": "m",
    "max": 15,
    "min": 9,
    "password": "lcmmmmkmpmmmmmx",
  },
  Object {
    "letter": "z",
    "max": 6,
    "min": 5,
    "password": "zsrxwzfz",
  },
  Object {
    "letter": "v",
    "max": 4,
    "min": 3,
    "password": "hdvtqqkvz",
  },
  Object {
    "letter": "w",
    "max": 16,
    "min": 13,
    "password": "wwtwlwwnwwwwfwztz",
  },
  Object {
    "letter": "f",
    "max": 11,
    "min": 9,
    "password": "pfwdpfrpfmfmb",
  },
  Object {
    "letter": "x",
    "max": 8,
    "min": 4,
    "password": "wxxxbtzxmrx",
  },
  Object {
    "letter": "m",
    "max": 11,
    "min": 9,
    "password": "mlvmmmzmmmmjnmpkkhm",
  },
  Object {
    "letter": "w",
    "max": 10,
    "min": 9,
    "password": "scpljvzpwnwcbhzntbsw",
  },
  Object {
    "letter": "h",
    "max": 8,
    "min": 3,
    "password": "bgbhhnhndcthhv",
  },
  Object {
    "letter": "x",
    "max": 17,
    "min": 8,
    "password": "xxxxxxxxxxxxxxxxxxxx",
  },
  Object {
    "letter": "d",
    "max": 10,
    "min": 5,
    "password": "dtddddddddd",
  },
  Object {
    "letter": "v",
    "max": 3,
    "min": 2,
    "password": "vvvv",
  },
  Object {
    "letter": "z",
    "max": 14,
    "min": 13,
    "password": "hmrbhfgmdkljtz",
  },
  Object {
    "letter": "h",
    "max": 7,
    "min": 5,
    "password": "hhhtpdd",
  },
  Object {
    "letter": "w",
    "max": 6,
    "min": 3,
    "password": "mwwglwwwwptz",
  },
  Object {
    "letter": "q",
    "max": 4,
    "min": 3,
    "password": "sqqq",
  },
  Object {
    "letter": "v",
    "max": 15,
    "min": 12,
    "password": "vmvvvrvlvvpqvqk",
  },
  Object {
    "letter": "n",
    "max": 9,
    "min": 4,
    "password": "dndmktskr",
  },
  Object {
    "letter": "d",
    "max": 19,
    "min": 18,
    "password": "dddddddmdddddcdgddd",
  },
  Object {
    "letter": "t",
    "max": 5,
    "min": 4,
    "password": "ttttstt",
  },
  Object {
    "letter": "p",
    "max": 17,
    "min": 11,
    "password": "ppppppppppkpqpppvpp",
  },
  Object {
    "letter": "l",
    "max": 11,
    "min": 7,
    "password": "tslnxvldrfhp",
  },
  Object {
    "letter": "x",
    "max": 15,
    "min": 14,
    "password": "xxxxxxxxxxxxxrcxxxx",
  },
  Object {
    "letter": "b",
    "max": 8,
    "min": 2,
    "password": "bbbbbbbbbbbb",
  },
  Object {
    "letter": "n",
    "max": 17,
    "min": 12,
    "password": "nnsnnnnwnpnfnnnnnnnn",
  },
  Object {
    "letter": "f",
    "max": 8,
    "min": 3,
    "password": "crfpffhf",
  },
  Object {
    "letter": "j",
    "max": 18,
    "min": 17,
    "password": "jjwcmkcdxjjjkqtqjj",
  },
  Object {
    "letter": "n",
    "max": 4,
    "min": 2,
    "password": "nnnn",
  },
  Object {
    "letter": "q",
    "max": 9,
    "min": 7,
    "password": "rbrkbqqtj",
  },
  Object {
    "letter": "j",
    "max": 3,
    "min": 2,
    "password": "jstj",
  },
  Object {
    "letter": "d",
    "max": 20,
    "min": 18,
    "password": "dddddddddddddddddddh",
  },
  Object {
    "letter": "h",
    "max": 14,
    "min": 7,
    "password": "hhhhhhxhhhhhhdhh",
  },
  Object {
    "letter": "g",
    "max": 10,
    "min": 3,
    "password": "dgbgpgggxg",
  },
  Object {
    "letter": "w",
    "max": 12,
    "min": 11,
    "password": "wwwwmvqmwlwwj",
  },
  Object {
    "letter": "s",
    "max": 11,
    "min": 4,
    "password": "csrldnzsvhxcc",
  },
  Object {
    "letter": "n",
    "max": 8,
    "min": 6,
    "password": "nnnnnnnnnn",
  },
  Object {
    "letter": "x",
    "max": 5,
    "min": 2,
    "password": "xxxxxld",
  },
  Object {
    "letter": "m",
    "max": 9,
    "min": 7,
    "password": "mkmmmhcbmrj",
  },
  Object {
    "letter": "p",
    "max": 13,
    "min": 9,
    "password": "bppppppppppppppp",
  },
  Object {
    "letter": "g",
    "max": 20,
    "min": 3,
    "password": "ggggnggggggggggvgggt",
  },
  Object {
    "letter": "d",
    "max": 11,
    "min": 10,
    "password": "gddrddddddd",
  },
  Object {
    "letter": "m",
    "max": 10,
    "min": 5,
    "password": "mmmmmmmmmmmmmfmmpm",
  },
  Object {
    "letter": "n",
    "max": 7,
    "min": 5,
    "password": "nnrnccm",
  },
  Object {
    "letter": "k",
    "max": 14,
    "min": 11,
    "password": "khkkknzkrkjkkb",
  },
  Object {
    "letter": "x",
    "max": 10,
    "min": 2,
    "password": "jxrbgfkgjz",
  },
  Object {
    "letter": "t",
    "max": 20,
    "min": 19,
    "password": "tttttttttttttttttkch",
  },
  Object {
    "letter": "d",
    "max": 4,
    "min": 1,
    "password": "vvqfxvrtxldzcmxxdlsj",
  },
  Object {
    "letter": "n",
    "max": 13,
    "min": 8,
    "password": "nnvnnngnnnnnwnnnnb",
  },
  Object {
    "letter": "n",
    "max": 9,
    "min": 5,
    "password": "nnnntnnnwn",
  },
  Object {
    "letter": "z",
    "max": 3,
    "min": 2,
    "password": "zzzz",
  },
  Object {
    "letter": "b",
    "max": 12,
    "min": 2,
    "password": "zblxddslcnbbpcj",
  },
  Object {
    "letter": "z",
    "max": 17,
    "min": 5,
    "password": "zzzzzzzzzzzzzzzzzzzz",
  },
  Object {
    "letter": "l",
    "max": 16,
    "min": 14,
    "password": "pdlllfllllsrgwwf",
  },
  Object {
    "letter": "j",
    "max": 13,
    "min": 6,
    "password": "knwhbnjxwgrwrbjqwcj",
  },
  Object {
    "letter": "r",
    "max": 4,
    "min": 3,
    "password": "rrfwr",
  },
  Object {
    "letter": "h",
    "max": 3,
    "min": 2,
    "password": "hhrh",
  },
  Object {
    "letter": "l",
    "max": 4,
    "min": 3,
    "password": "klll",
  },
  Object {
    "letter": "b",
    "max": 7,
    "min": 5,
    "password": "bqwbbfmbb",
  },
  Object {
    "letter": "s",
    "max": 11,
    "min": 5,
    "password": "shsszsssksssscsssss",
  },
  Object {
    "letter": "w",
    "max": 8,
    "min": 6,
    "password": "mwdbwwgw",
  },
  Object {
    "letter": "z",
    "max": 8,
    "min": 2,
    "password": "tzcqzszzzmq",
  },
  Object {
    "letter": "f",
    "max": 12,
    "min": 2,
    "password": "fgtffwfkxffffffrjsf",
  },
  Object {
    "letter": "s",
    "max": 5,
    "min": 4,
    "password": "sslsk",
  },
  Object {
    "letter": "s",
    "max": 13,
    "min": 9,
    "password": "vsssfsbsssvgzftcss",
  },
  Object {
    "letter": "g",
    "max": 3,
    "min": 1,
    "password": "gkggzr",
  },
  Object {
    "letter": "d",
    "max": 13,
    "min": 8,
    "password": "rchmzwxdkzgpdzwdk",
  },
  Object {
    "letter": "q",
    "max": 19,
    "min": 18,
    "password": "qlmvnrkklmdwrjprzsmv",
  },
  Object {
    "letter": "r",
    "max": 7,
    "min": 1,
    "password": "rrsrrrr",
  },
  Object {
    "letter": "d",
    "max": 19,
    "min": 17,
    "password": "dddddddndpbdwskdddd",
  },
  Object {
    "letter": "r",
    "max": 8,
    "min": 7,
    "password": "rrrrrrcvr",
  },
  Object {
    "letter": "r",
    "max": 3,
    "min": 1,
    "password": "jdrrhq",
  },
  Object {
    "letter": "r",
    "max": 6,
    "min": 5,
    "password": "rwrjtrcmkrrk",
  },
  Object {
    "letter": "m",
    "max": 3,
    "min": 2,
    "password": "mmxmg",
  },
  Object {
    "letter": "f",
    "max": 19,
    "min": 1,
    "password": "ffffffffffffffffffpf",
  },
  Object {
    "letter": "h",
    "max": 17,
    "min": 16,
    "password": "hhhhhhhhhhhhhhhhh",
  },
  Object {
    "letter": "n",
    "max": 13,
    "min": 10,
    "password": "nnnnnnnnnnnnvsn",
  },
  Object {
    "letter": "g",
    "max": 4,
    "min": 3,
    "password": "gggg",
  },
  Object {
    "letter": "c",
    "max": 13,
    "min": 7,
    "password": "ckcvfscqtmckc",
  },
  Object {
    "letter": "z",
    "max": 5,
    "min": 4,
    "password": "zzzdnhzzzf",
  },
  Object {
    "letter": "n",
    "max": 6,
    "min": 5,
    "password": "lznnnnglnk",
  },
  Object {
    "letter": "q",
    "max": 12,
    "min": 4,
    "password": "fjpqwvlbgzqmqmmgdjp",
  },
  Object {
    "letter": "d",
    "max": 4,
    "min": 3,
    "password": "ddldd",
  },
  Object {
    "letter": "r",
    "max": 7,
    "min": 5,
    "password": "cdrlrnrgmtrrrrnr",
  },
  Object {
    "letter": "j",
    "max": 16,
    "min": 15,
    "password": "ppwjfxzqdtpjwwjjndkm",
  },
  Object {
    "letter": "g",
    "max": 12,
    "min": 11,
    "password": "ggggggggggplg",
  },
  Object {
    "letter": "n",
    "max": 4,
    "min": 3,
    "password": "dnjqzsrtc",
  },
  Object {
    "letter": "t",
    "max": 8,
    "min": 7,
    "password": "ttntttbb",
  },
  Object {
    "letter": "t",
    "max": 15,
    "min": 4,
    "password": "tttjtttttttqttztd",
  },
  Object {
    "letter": "r",
    "max": 8,
    "min": 5,
    "password": "rrrrrrrrr",
  },
  Object {
    "letter": "q",
    "max": 5,
    "min": 4,
    "password": "qqqqq",
  },
  Object {
    "letter": "n",
    "max": 7,
    "min": 5,
    "password": "nsvgnnns",
  },
  Object {
    "letter": "w",
    "max": 13,
    "min": 12,
    "password": "wwwwwwwwwwwwwwww",
  },
  Object {
    "letter": "n",
    "max": 17,
    "min": 15,
    "password": "qxtnnnnrcncnmpnnn",
  },
  Object {
    "letter": "z",
    "max": 13,
    "min": 3,
    "password": "mcmvkthxwzkqzglqhfnw",
  },
  Object {
    "letter": "d",
    "max": 7,
    "min": 5,
    "password": "ddddddrdddddd",
  },
  Object {
    "letter": "m",
    "max": 18,
    "min": 16,
    "password": "mmmmmmmmmmlmmmmmmpkk",
  },
  Object {
    "letter": "l",
    "max": 12,
    "min": 9,
    "password": "lllvlnlwlmll",
  },
  Object {
    "letter": "d",
    "max": 12,
    "min": 5,
    "password": "ddxdxdddjjlsddddmpdd",
  },
  Object {
    "letter": "p",
    "max": 18,
    "min": 9,
    "password": "ppppppppbpppppppprpp",
  },
  Object {
    "letter": "v",
    "max": 5,
    "min": 1,
    "password": "lvwpm",
  },
  Object {
    "letter": "v",
    "max": 8,
    "min": 7,
    "password": "hvzvhrvh",
  },
  Object {
    "letter": "z",
    "max": 14,
    "min": 9,
    "password": "zzmzzzzzzzzzlzgzz",
  },
  Object {
    "letter": "x",
    "max": 4,
    "min": 3,
    "password": "wxwtb",
  },
  Object {
    "letter": "f",
    "max": 4,
    "min": 2,
    "password": "fhfszf",
  },
  Object {
    "letter": "c",
    "max": 7,
    "min": 2,
    "password": "chcccctcdccccc",
  },
  Object {
    "letter": "h",
    "max": 12,
    "min": 2,
    "password": "kjctchvdrmlpxqjnqd",
  },
  Object {
    "letter": "z",
    "max": 5,
    "min": 3,
    "password": "pzkbz",
  },
  Object {
    "letter": "g",
    "max": 10,
    "min": 3,
    "password": "ggggpggggsggggg",
  },
  Object {
    "letter": "c",
    "max": 7,
    "min": 6,
    "password": "cccccgbc",
  },
  Object {
    "letter": "d",
    "max": 4,
    "min": 3,
    "password": "ddkjrd",
  },
  Object {
    "letter": "r",
    "max": 3,
    "min": 2,
    "password": "kgwt",
  },
  Object {
    "letter": "z",
    "max": 10,
    "min": 8,
    "password": "mzzzjnzgzzzzzw",
  },
  Object {
    "letter": "t",
    "max": 13,
    "min": 12,
    "password": "tttnztrvttqtttcrht",
  },
  Object {
    "letter": "x",
    "max": 10,
    "min": 9,
    "password": "xxxxdxxxbxxxx",
  },
  Object {
    "letter": "d",
    "max": 4,
    "min": 2,
    "password": "mgdd",
  },
  Object {
    "letter": "b",
    "max": 4,
    "min": 1,
    "password": "bbzb",
  },
  Object {
    "letter": "b",
    "max": 16,
    "min": 14,
    "password": "bsbbbbbbbbbbbkbbb",
  },
  Object {
    "letter": "n",
    "max": 10,
    "min": 3,
    "password": "xnngwgptznfr",
  },
  Object {
    "letter": "k",
    "max": 17,
    "min": 16,
    "password": "kkkkkkrkkkkkkkkrzk",
  },
  Object {
    "letter": "g",
    "max": 18,
    "min": 17,
    "password": "ggtgggggggggggggpw",
  },
  Object {
    "letter": "j",
    "max": 16,
    "min": 12,
    "password": "jjjjjjjjjjjsjxjjj",
  },
  Object {
    "letter": "f",
    "max": 15,
    "min": 12,
    "password": "ffffffffffffffffff",
  },
  Object {
    "letter": "m",
    "max": 6,
    "min": 5,
    "password": "kmmnlmmnm",
  },
  Object {
    "letter": "j",
    "max": 7,
    "min": 5,
    "password": "jbjjlzj",
  },
  Object {
    "letter": "l",
    "max": 3,
    "min": 2,
    "password": "llll",
  },
  Object {
    "letter": "l",
    "max": 12,
    "min": 9,
    "password": "lqzlxljfclwz",
  },
  Object {
    "letter": "n",
    "max": 15,
    "min": 14,
    "password": "nnnnnnnnndnnnsnnn",
  },
  Object {
    "letter": "l",
    "max": 10,
    "min": 3,
    "password": "rpdldkdkpt",
  },
  Object {
    "letter": "z",
    "max": 6,
    "min": 4,
    "password": "mgzzzthzn",
  },
  Object {
    "letter": "m",
    "max": 13,
    "min": 4,
    "password": "jmxtwbnhgmtqggrm",
  },
  Object {
    "letter": "n",
    "max": 8,
    "min": 7,
    "password": "mnnnnnrwnn",
  },
  Object {
    "letter": "q",
    "max": 10,
    "min": 5,
    "password": "qqqqcqqqqqq",
  },
  Object {
    "letter": "t",
    "max": 2,
    "min": 1,
    "password": "kttttt",
  },
  Object {
    "letter": "b",
    "max": 8,
    "min": 5,
    "password": "bbbbbbbbb",
  },
  Object {
    "letter": "z",
    "max": 14,
    "min": 4,
    "password": "zbbffzzlrzzzztzj",
  },
  Object {
    "letter": "k",
    "max": 10,
    "min": 6,
    "password": "kkkkkbkkkk",
  },
  Object {
    "letter": "j",
    "max": 10,
    "min": 9,
    "password": "djjjjjjjmp",
  },
  Object {
    "letter": "q",
    "max": 6,
    "min": 4,
    "password": "qqqwqq",
  },
  Object {
    "letter": "t",
    "max": 17,
    "min": 16,
    "password": "tmtbtcktgtknttkhttq",
  },
  Object {
    "letter": "x",
    "max": 15,
    "min": 13,
    "password": "xxxxcfqxxxxxxxxxx",
  },
  Object {
    "letter": "f",
    "max": 3,
    "min": 2,
    "password": "fzfff",
  },
  Object {
    "letter": "w",
    "max": 3,
    "min": 1,
    "password": "vtlk",
  },
  Object {
    "letter": "l",
    "max": 11,
    "min": 9,
    "password": "lllldzllrbb",
  },
  Object {
    "letter": "b",
    "max": 13,
    "min": 9,
    "password": "zvbbsbbtbbxzp",
  },
  Object {
    "letter": "v",
    "max": 10,
    "min": 9,
    "password": "vvbwvvmvvvvvzznvbv",
  },
  Object {
    "letter": "w",
    "max": 12,
    "min": 11,
    "password": "zwgwhrwpwzlq",
  },
  Object {
    "letter": "k",
    "max": 2,
    "min": 1,
    "password": "cjkk",
  },
  Object {
    "letter": "b",
    "max": 10,
    "min": 6,
    "password": "bbbbbbbbbkrbbbbb",
  },
  Object {
    "letter": "z",
    "max": 3,
    "min": 1,
    "password": "kzvxz",
  },
  Object {
    "letter": "h",
    "max": 3,
    "min": 2,
    "password": "khhh",
  },
  Object {
    "letter": "h",
    "max": 4,
    "min": 3,
    "password": "hhhfdhhh",
  },
  Object {
    "letter": "l",
    "max": 11,
    "min": 8,
    "password": "glllglcxgbwxdfdlp",
  },
  Object {
    "letter": "j",
    "max": 10,
    "min": 2,
    "password": "jsjjjjjjjcjts",
  },
  Object {
    "letter": "b",
    "max": 8,
    "min": 2,
    "password": "bbbbjmbbbbbbbbbbbgbb",
  },
  Object {
    "letter": "j",
    "max": 3,
    "min": 1,
    "password": "cjbtvwm",
  },
  Object {
    "letter": "f",
    "max": 6,
    "min": 5,
    "password": "ffffks",
  },
  Object {
    "letter": "r",
    "max": 14,
    "min": 13,
    "password": "rrrrrrrrrrrrrrr",
  },
  Object {
    "letter": "v",
    "max": 14,
    "min": 11,
    "password": "wpddkmvbgwgttk",
  },
  Object {
    "letter": "l",
    "max": 5,
    "min": 4,
    "password": "pllll",
  },
  Object {
    "letter": "x",
    "max": 10,
    "min": 9,
    "password": "wxxxksxxqxxxwvcqxqw",
  },
  Object {
    "letter": "h",
    "max": 10,
    "min": 5,
    "password": "chgkkkcxgmmqclmxvjs",
  },
  Object {
    "letter": "x",
    "max": 2,
    "min": 1,
    "password": "xsqn",
  },
  Object {
    "letter": "d",
    "max": 10,
    "min": 5,
    "password": "ddxdddkddndddd",
  },
  Object {
    "letter": "g",
    "max": 4,
    "min": 2,
    "password": "jsdggjzvs",
  },
  Object {
    "letter": "x",
    "max": 3,
    "min": 2,
    "password": "xvkx",
  },
  Object {
    "letter": "b",
    "max": 5,
    "min": 3,
    "password": "blbbsb",
  },
  Object {
    "letter": "r",
    "max": 6,
    "min": 5,
    "password": "rrrtrm",
  },
  Object {
    "letter": "z",
    "max": 13,
    "min": 12,
    "password": "rzzjzztpzzszzznb",
  },
  Object {
    "letter": "h",
    "max": 18,
    "min": 12,
    "password": "hmdlhtwrjrlkgzgbkn",
  },
  Object {
    "letter": "q",
    "max": 20,
    "min": 6,
    "password": "fqhwcqqmqqqtqqsqqqkq",
  },
  Object {
    "letter": "s",
    "max": 5,
    "min": 1,
    "password": "shfth",
  },
  Object {
    "letter": "t",
    "max": 12,
    "min": 3,
    "password": "jttjvtdlptrr",
  },
  Object {
    "letter": "p",
    "max": 9,
    "min": 4,
    "password": "ntppvcsxpspr",
  },
  Object {
    "letter": "j",
    "max": 5,
    "min": 2,
    "password": "bjbljfj",
  },
  Object {
    "letter": "m",
    "max": 9,
    "min": 4,
    "password": "mmmwmhmsrmmgnn",
  },
  Object {
    "letter": "s",
    "max": 5,
    "min": 4,
    "password": "vssdg",
  },
  Object {
    "letter": "p",
    "max": 11,
    "min": 6,
    "password": "zpvpppxpvbpjnp",
  },
  Object {
    "letter": "x",
    "max": 5,
    "min": 4,
    "password": "xxxvxx",
  },
  Object {
    "letter": "x",
    "max": 8,
    "min": 5,
    "password": "nxxxxxxlx",
  },
  Object {
    "letter": "l",
    "max": 6,
    "min": 3,
    "password": "lkxnlwwclf",
  },
  Object {
    "letter": "s",
    "max": 8,
    "min": 7,
    "password": "sssssntc",
  },
  Object {
    "letter": "k",
    "max": 20,
    "min": 19,
    "password": "kmkkkkkkjkkzbkjkkkkk",
  },
  Object {
    "letter": "d",
    "max": 4,
    "min": 3,
    "password": "dpjp",
  },
  Object {
    "letter": "s",
    "max": 9,
    "min": 3,
    "password": "lvwsssqss",
  },
  Object {
    "letter": "c",
    "max": 2,
    "min": 1,
    "password": "ccssqkdmxwcmv",
  },
  Object {
    "letter": "q",
    "max": 13,
    "min": 7,
    "password": "qfjqrcqqdqqqn",
  },
  Object {
    "letter": "x",
    "max": 13,
    "min": 5,
    "password": "cqddxmvjwxfnx",
  },
  Object {
    "letter": "l",
    "max": 5,
    "min": 1,
    "password": "lptcl",
  },
  Object {
    "letter": "h",
    "max": 5,
    "min": 4,
    "password": "hvhpt",
  },
  Object {
    "letter": "g",
    "max": 10,
    "min": 5,
    "password": "cggvwnhggggg",
  },
  Object {
    "letter": "v",
    "max": 4,
    "min": 2,
    "password": "nqxvrzmwjbmqnvrb",
  },
  Object {
    "letter": "t",
    "max": 4,
    "min": 1,
    "password": "qtwqrtbssqgtt",
  },
  Object {
    "letter": "s",
    "max": 10,
    "min": 9,
    "password": "ssssssssqf",
  },
  Object {
    "letter": "v",
    "max": 9,
    "min": 4,
    "password": "xwvwvzfwnkvnv",
  },
  Object {
    "letter": "q",
    "max": 7,
    "min": 6,
    "password": "qbpwcqq",
  },
  Object {
    "letter": "n",
    "max": 10,
    "min": 2,
    "password": "nnnnnnnnnbnznnnnnn",
  },
  Object {
    "letter": "v",
    "max": 9,
    "min": 5,
    "password": "vvvvmvvvvv",
  },
  Object {
    "letter": "l",
    "max": 10,
    "min": 9,
    "password": "llllllllll",
  },
  Object {
    "letter": "m",
    "max": 15,
    "min": 11,
    "password": "mmjmxmmmpmxmmmrmmm",
  },
  Object {
    "letter": "r",
    "max": 5,
    "min": 1,
    "password": "hrrrrbr",
  },
  Object {
    "letter": "g",
    "max": 13,
    "min": 10,
    "password": "pkgrbchtpxzrfw",
  },
  Object {
    "letter": "v",
    "max": 11,
    "min": 10,
    "password": "vvvvkvvvvvvf",
  },
  Object {
    "letter": "p",
    "max": 7,
    "min": 1,
    "password": "pprpqpp",
  },
  Object {
    "letter": "d",
    "max": 5,
    "min": 1,
    "password": "dxtqddw",
  },
  Object {
    "letter": "q",
    "max": 4,
    "min": 2,
    "password": "qpqjqqqlqqqqqh",
  },
  Object {
    "letter": "h",
    "max": 17,
    "min": 16,
    "password": "hhhfkhhhhpzhhhhhh",
  },
  Object {
    "letter": "l",
    "max": 6,
    "min": 3,
    "password": "xxclpflwllzh",
  },
  Object {
    "letter": "z",
    "max": 7,
    "min": 5,
    "password": "ztzzzzb",
  },
  Object {
    "letter": "c",
    "max": 16,
    "min": 15,
    "password": "ccccccccccccccqtc",
  },
  Object {
    "letter": "k",
    "max": 11,
    "min": 10,
    "password": "kkkvknkkkkkkk",
  },
  Object {
    "letter": "n",
    "max": 9,
    "min": 3,
    "password": "mnnxxvbhj",
  },
  Object {
    "letter": "t",
    "max": 12,
    "min": 6,
    "password": "tmxlxtxgpnwtkxmk",
  },
  Object {
    "letter": "k",
    "max": 9,
    "min": 3,
    "password": "jkkslslkvb",
  },
  Object {
    "letter": "n",
    "max": 17,
    "min": 9,
    "password": "nnnnnsmjxjgnnhkmn",
  },
  Object {
    "letter": "c",
    "max": 2,
    "min": 1,
    "password": "ccpwch",
  },
  Object {
    "letter": "p",
    "max": 10,
    "min": 6,
    "password": "lfbwlkmzlnxdpsjpsg",
  },
  Object {
    "letter": "c",
    "max": 14,
    "min": 9,
    "password": "cckctccccccccv",
  },
  Object {
    "letter": "n",
    "max": 13,
    "min": 12,
    "password": "nnnnnnnnnnnnnmjn",
  },
  Object {
    "letter": "n",
    "max": 10,
    "min": 8,
    "password": "nnbnnnnjnbnnnnnnnnkn",
  },
  Object {
    "letter": "h",
    "max": 17,
    "min": 14,
    "password": "fkgnhvwvhxrhzhnsh",
  },
  Object {
    "letter": "w",
    "max": 11,
    "min": 9,
    "password": "wwwwwwwwwxwwwwwwww",
  },
  Object {
    "letter": "q",
    "max": 9,
    "min": 5,
    "password": "qqqqqqqqqq",
  },
  Object {
    "letter": "f",
    "max": 13,
    "min": 12,
    "password": "fdfhffmfffffq",
  },
  Object {
    "letter": "q",
    "max": 10,
    "min": 4,
    "password": "wwkqqbttbr",
  },
  Object {
    "letter": "r",
    "max": 10,
    "min": 9,
    "password": "ndrmprfjqf",
  },
  Object {
    "letter": "h",
    "max": 13,
    "min": 6,
    "password": "hhhhhhhhhhhhrh",
  },
  Object {
    "letter": "t",
    "max": 17,
    "min": 14,
    "password": "tkmgwtztkfjtgtttt",
  },
  Object {
    "letter": "t",
    "max": 6,
    "min": 2,
    "password": "vqtcptqrbrs",
  },
  Object {
    "letter": "r",
    "max": 3,
    "min": 2,
    "password": "rrtrrrrrr",
  },
  Object {
    "letter": "j",
    "max": 8,
    "min": 3,
    "password": "nhjtkjhjwlf",
  },
  Object {
    "letter": "b",
    "max": 17,
    "min": 5,
    "password": "vbtctpbhtjtkhtwcw",
  },
  Object {
    "letter": "z",
    "max": 8,
    "min": 5,
    "password": "zsbkkcgqwqqvzr",
  },
  Object {
    "letter": "c",
    "max": 8,
    "min": 4,
    "password": "cpccjpwccccnc",
  },
  Object {
    "letter": "k",
    "max": 13,
    "min": 6,
    "password": "rhkghtnkkbqdz",
  },
  Object {
    "letter": "p",
    "max": 11,
    "min": 8,
    "password": "pcppmwppnvp",
  },
  Object {
    "letter": "k",
    "max": 17,
    "min": 12,
    "password": "jjbsfkkqbbqkkknkk",
  },
  Object {
    "letter": "h",
    "max": 6,
    "min": 4,
    "password": "tddhcllhhhcbwq",
  },
  Object {
    "letter": "q",
    "max": 4,
    "min": 3,
    "password": "sqqqqjqm",
  },
  Object {
    "letter": "b",
    "max": 7,
    "min": 4,
    "password": "tbqwbbqcs",
  },
  Object {
    "letter": "z",
    "max": 10,
    "min": 3,
    "password": "zjzzzzzzzhzz",
  },
  Object {
    "letter": "m",
    "max": 5,
    "min": 4,
    "password": "mhxpzwrcxtgsjxfdq",
  },
  Object {
    "letter": "q",
    "max": 18,
    "min": 17,
    "password": "sqqqqqpbqqqqwqhvsp",
  },
  Object {
    "letter": "n",
    "max": 4,
    "min": 3,
    "password": "njnww",
  },
  Object {
    "letter": "v",
    "max": 10,
    "min": 9,
    "password": "vvdvxvvjvv",
  },
  Object {
    "letter": "k",
    "max": 8,
    "min": 2,
    "password": "fkztgksk",
  },
  Object {
    "letter": "q",
    "max": 17,
    "min": 5,
    "password": "fxvjhclcfkcxwhqqk",
  },
  Object {
    "letter": "p",
    "max": 5,
    "min": 3,
    "password": "rbkxlkfzxvpgcf",
  },
  Object {
    "letter": "f",
    "max": 4,
    "min": 2,
    "password": "wlmv",
  },
  Object {
    "letter": "b",
    "max": 10,
    "min": 9,
    "password": "bzxwbbrwhfbbbb",
  },
  Object {
    "letter": "d",
    "max": 10,
    "min": 4,
    "password": "dddbdddddddd",
  },
  Object {
    "letter": "b",
    "max": 8,
    "min": 7,
    "password": "hzrsbxjbhql",
  },
  Object {
    "letter": "r",
    "max": 9,
    "min": 5,
    "password": "rsjrrbrrlrhmrbcvnbr",
  },
  Object {
    "letter": "b",
    "max": 7,
    "min": 6,
    "password": "bbbbbbbf",
  },
  Object {
    "letter": "m",
    "max": 20,
    "min": 14,
    "password": "ddfhmsxmcbwmmfvmmmmf",
  },
  Object {
    "letter": "m",
    "max": 9,
    "min": 2,
    "password": "mmmvmmmmxmmmmmmmm",
  },
  Object {
    "letter": "q",
    "max": 11,
    "min": 9,
    "password": "wqnttwfdqqjhz",
  },
  Object {
    "letter": "g",
    "max": 19,
    "min": 18,
    "password": "ggggggggggggggggggg",
  },
  Object {
    "letter": "f",
    "max": 15,
    "min": 13,
    "password": "fffffffffffdxtffr",
  },
  Object {
    "letter": "b",
    "max": 7,
    "min": 2,
    "password": "crskznfmbjmch",
  },
  Object {
    "letter": "c",
    "max": 4,
    "min": 2,
    "password": "lcccz",
  },
  Object {
    "letter": "n",
    "max": 6,
    "min": 2,
    "password": "thxnnjnnnnnnn",
  },
  Object {
    "letter": "h",
    "max": 6,
    "min": 3,
    "password": "hwhgdhhhh",
  },
  Object {
    "letter": "d",
    "max": 17,
    "min": 15,
    "password": "dddtddddddkdddddvs",
  },
  Object {
    "letter": "f",
    "max": 7,
    "min": 4,
    "password": "zzptbfkrvzcrxflnp",
  },
  Object {
    "letter": "m",
    "max": 2,
    "min": 1,
    "password": "mmhm",
  },
  Object {
    "letter": "w",
    "max": 3,
    "min": 2,
    "password": "pmww",
  },
  Object {
    "letter": "f",
    "max": 3,
    "min": 1,
    "password": "wfkf",
  },
  Object {
    "letter": "m",
    "max": 8,
    "min": 6,
    "password": "rcpxtmmm",
  },
  Object {
    "letter": "c",
    "max": 9,
    "min": 6,
    "password": "cccccccccc",
  },
  Object {
    "letter": "j",
    "max": 3,
    "min": 1,
    "password": "bjjj",
  },
  Object {
    "letter": "d",
    "max": 6,
    "min": 4,
    "password": "dddhddddd",
  },
  Object {
    "letter": "l",
    "max": 6,
    "min": 1,
    "password": "nllllkll",
  },
  Object {
    "letter": "x",
    "max": 2,
    "min": 1,
    "password": "xjnhzxxxpx",
  },
  Object {
    "letter": "r",
    "max": 13,
    "min": 3,
    "password": "rrkrrrrrrrrrjr",
  },
  Object {
    "letter": "h",
    "max": 19,
    "min": 18,
    "password": "hhhhhhhhhhhhhhhhhhhh",
  },
  Object {
    "letter": "d",
    "max": 9,
    "min": 7,
    "password": "dlvrddbvhdddd",
  },
  Object {
    "letter": "r",
    "max": 11,
    "min": 6,
    "password": "rmvqqrxsjxgvkrrskfp",
  },
  Object {
    "letter": "k",
    "max": 10,
    "min": 9,
    "password": "kkkdkkkkkkk",
  },
  Object {
    "letter": "v",
    "max": 10,
    "min": 9,
    "password": "pcjpkrgqvp",
  },
  Object {
    "letter": "z",
    "max": 3,
    "min": 1,
    "password": "rcqfgzwxgrvml",
  },
  Object {
    "letter": "j",
    "max": 9,
    "min": 2,
    "password": "gjbjvgtqjkxbsrvb",
  },
  Object {
    "letter": "q",
    "max": 7,
    "min": 5,
    "password": "qqqvqqrvqqntkbpj",
  },
  Object {
    "letter": "h",
    "max": 3,
    "min": 2,
    "password": "cgnhphpf",
  },
  Object {
    "letter": "f",
    "max": 10,
    "min": 7,
    "password": "ffffffdcfsfffff",
  },
  Object {
    "letter": "r",
    "max": 7,
    "min": 4,
    "password": "brgkrrrrrrrrrrmrrx",
  },
  Object {
    "letter": "p",
    "max": 7,
    "min": 4,
    "password": "pppwppbfpp",
  },
  Object {
    "letter": "v",
    "max": 9,
    "min": 7,
    "password": "vrlvbtlmv",
  },
  Object {
    "letter": "x",
    "max": 13,
    "min": 12,
    "password": "cxxxxjxxxsvxx",
  },
  Object {
    "letter": "z",
    "max": 5,
    "min": 3,
    "password": "lzzxd",
  },
  Object {
    "letter": "q",
    "max": 6,
    "min": 4,
    "password": "qqqqqqxqf",
  },
  Object {
    "letter": "h",
    "max": 12,
    "min": 11,
    "password": "hhmhhhhhhzhh",
  },
  Object {
    "letter": "k",
    "max": 19,
    "min": 15,
    "password": "kkkkkkzkzkkkkkkkkkmk",
  },
  Object {
    "letter": "p",
    "max": 10,
    "min": 8,
    "password": "pmpppnmppf",
  },
  Object {
    "letter": "m",
    "max": 7,
    "min": 5,
    "password": "mtmmmzlmmmm",
  },
  Object {
    "letter": "d",
    "max": 9,
    "min": 6,
    "password": "gsdhmqqldd",
  },
  Object {
    "letter": "c",
    "max": 11,
    "min": 4,
    "password": "pcrrwnbtckcx",
  },
  Object {
    "letter": "g",
    "max": 12,
    "min": 6,
    "password": "qhjmzgwbhgmgjg",
  },
  Object {
    "letter": "w",
    "max": 9,
    "min": 4,
    "password": "ntwwcgtwt",
  },
  Object {
    "letter": "k",
    "max": 3,
    "min": 1,
    "password": "knkdkdwpg",
  },
  Object {
    "letter": "l",
    "max": 7,
    "min": 5,
    "password": "qslglll",
  },
  Object {
    "letter": "p",
    "max": 15,
    "min": 11,
    "password": "njpkdhkfdgmjdtp",
  },
  Object {
    "letter": "p",
    "max": 6,
    "min": 2,
    "password": "kcvlss",
  },
  Object {
    "letter": "f",
    "max": 13,
    "min": 4,
    "password": "psffmdwqkqlffw",
  },
  Object {
    "letter": "g",
    "max": 17,
    "min": 1,
    "password": "qgggggggglggggggf",
  },
  Object {
    "letter": "f",
    "max": 10,
    "min": 9,
    "password": "fffhfffftp",
  },
  Object {
    "letter": "r",
    "max": 19,
    "min": 18,
    "password": "fwmkgpdvhsmjrzqqtjq",
  },
  Object {
    "letter": "b",
    "max": 10,
    "min": 9,
    "password": "bbbmbbbbvmbbbdb",
  },
  Object {
    "letter": "n",
    "max": 11,
    "min": 8,
    "password": "mndnrlnnnnn",
  },
  Object {
    "letter": "h",
    "max": 16,
    "min": 14,
    "password": "hhhhhhhhhhhhhthh",
  },
  Object {
    "letter": "l",
    "max": 3,
    "min": 2,
    "password": "lztsl",
  },
  Object {
    "letter": "d",
    "max": 4,
    "min": 2,
    "password": "djtp",
  },
  Object {
    "letter": "f",
    "max": 6,
    "min": 4,
    "password": "mpmfzt",
  },
  Object {
    "letter": "h",
    "max": 4,
    "min": 2,
    "password": "tnhh",
  },
  Object {
    "letter": "d",
    "max": 4,
    "min": 3,
    "password": "dcdm",
  },
  Object {
    "letter": "b",
    "max": 10,
    "min": 4,
    "password": "kzblbhccnbkb",
  },
  Object {
    "letter": "d",
    "max": 6,
    "min": 2,
    "password": "ftbdjzns",
  },
  Object {
    "letter": "l",
    "max": 13,
    "min": 10,
    "password": "mllllllllglllllll",
  },
  Object {
    "letter": "n",
    "max": 15,
    "min": 11,
    "password": "nnnntnnnnnjrnnnn",
  },
  Object {
    "letter": "b",
    "max": 13,
    "min": 11,
    "password": "tlsblhbjfbpbrb",
  },
  Object {
    "letter": "x",
    "max": 6,
    "min": 2,
    "password": "fwwxtxw",
  },
  Object {
    "letter": "t",
    "max": 3,
    "min": 2,
    "password": "ttgttttttttttttttttt",
  },
  Object {
    "letter": "f",
    "max": 10,
    "min": 6,
    "password": "gffffffflf",
  },
  Object {
    "letter": "z",
    "max": 4,
    "min": 3,
    "password": "zzzz",
  },
  Object {
    "letter": "d",
    "max": 15,
    "min": 5,
    "password": "rnmfddgdvddvxkdp",
  },
  Object {
    "letter": "b",
    "max": 9,
    "min": 6,
    "password": "bbbbbbbbbb",
  },
  Object {
    "letter": "k",
    "max": 4,
    "min": 1,
    "password": "kkskk",
  },
  Object {
    "letter": "b",
    "max": 3,
    "min": 1,
    "password": "bbbbbbbbbbbbbbbbbb",
  },
  Object {
    "letter": "b",
    "max": 5,
    "min": 1,
    "password": "wbbbpbqbsb",
  },
  Object {
    "letter": "g",
    "max": 4,
    "min": 1,
    "password": "xgfg",
  },
  Object {
    "letter": "d",
    "max": 13,
    "min": 1,
    "password": "ddddddddddhdddd",
  },
  Object {
    "letter": "p",
    "max": 7,
    "min": 6,
    "password": "ppppppw",
  },
  Object {
    "letter": "b",
    "max": 15,
    "min": 13,
    "password": "bbbbtbbbbbpblbb",
  },
  Object {
    "letter": "h",
    "max": 13,
    "min": 3,
    "password": "hkhnkkfkrwrbz",
  },
  Object {
    "letter": "r",
    "max": 6,
    "min": 5,
    "password": "rrrrvn",
  },
  Object {
    "letter": "w",
    "max": 6,
    "min": 2,
    "password": "wwwwzwwvwwzjnrwwwwww",
  },
  Object {
    "letter": "h",
    "max": 4,
    "min": 1,
    "password": "hhhh",
  },
  Object {
    "letter": "d",
    "max": 10,
    "min": 4,
    "password": "dsndddptsdqqgzjlgrwd",
  },
  Object {
    "letter": "l",
    "max": 5,
    "min": 4,
    "password": "glmvll",
  },
  Object {
    "letter": "c",
    "max": 4,
    "min": 3,
    "password": "chwcc",
  },
  Object {
    "letter": "m",
    "max": 7,
    "min": 2,
    "password": "mpmmmmm",
  },
  Object {
    "letter": "x",
    "max": 2,
    "min": 1,
    "password": "xxqxwm",
  },
  Object {
    "letter": "m",
    "max": 8,
    "min": 7,
    "password": "mmmmmmmmm",
  },
  Object {
    "letter": "h",
    "max": 8,
    "min": 5,
    "password": "hbhhwhkhqmkhh",
  },
  Object {
    "letter": "g",
    "max": 4,
    "min": 3,
    "password": "gwggk",
  },
  Object {
    "letter": "p",
    "max": 5,
    "min": 4,
    "password": "pmppp",
  },
  Object {
    "letter": "p",
    "max": 15,
    "min": 10,
    "password": "jcppppphvpvsqlpcdb",
  },
  Object {
    "letter": "w",
    "max": 8,
    "min": 2,
    "password": "wwvkzvmkwrxh",
  },
  Object {
    "letter": "h",
    "max": 19,
    "min": 18,
    "password": "jptsvhzvbnhbghmhghgn",
  },
  Object {
    "letter": "s",
    "max": 8,
    "min": 4,
    "password": "dhrscshhxczcfqdsm",
  },
  Object {
    "letter": "q",
    "max": 10,
    "min": 8,
    "password": "qqqqqqqlql",
  },
  Object {
    "letter": "c",
    "max": 17,
    "min": 13,
    "password": "lbmrzdcjcnwkclgcc",
  },
  Object {
    "letter": "w",
    "max": 13,
    "min": 12,
    "password": "wwtwwwwmrcrkwwwwwww",
  },
  Object {
    "letter": "j",
    "max": 16,
    "min": 5,
    "password": "jvqzfwsnqfdxfzdjj",
  },
  Object {
    "letter": "h",
    "max": 3,
    "min": 1,
    "password": "ddzmhh",
  },
  Object {
    "letter": "t",
    "max": 13,
    "min": 4,
    "password": "tttttttpctctrtztzqn",
  },
  Object {
    "letter": "z",
    "max": 4,
    "min": 3,
    "password": "zzzz",
  },
  Object {
    "letter": "w",
    "max": 18,
    "min": 1,
    "password": "txwwwwkwwwwwwwpwwwww",
  },
  Object {
    "letter": "l",
    "max": 14,
    "min": 5,
    "password": "cvrnvmrzlmkxgllr",
  },
  Object {
    "letter": "j",
    "max": 10,
    "min": 9,
    "password": "jjjjjjjjqv",
  },
  Object {
    "letter": "g",
    "max": 17,
    "min": 13,
    "password": "wgglspgdgxgpspbgwn",
  },
  Object {
    "letter": "s",
    "max": 15,
    "min": 13,
    "password": "sssssssssssssss",
  },
  Object {
    "letter": "v",
    "max": 9,
    "min": 8,
    "password": "mlxvtvjnt",
  },
  Object {
    "letter": "s",
    "max": 7,
    "min": 3,
    "password": "dgdjqnslcvsvdwsdfkvf",
  },
  Object {
    "letter": "q",
    "max": 3,
    "min": 2,
    "password": "mgqd",
  },
  Object {
    "letter": "x",
    "max": 3,
    "min": 2,
    "password": "xxstwczx",
  },
  Object {
    "letter": "p",
    "max": 6,
    "min": 2,
    "password": "nqqjzskbxzg",
  },
  Object {
    "letter": "g",
    "max": 5,
    "min": 4,
    "password": "qcxggbrnjzgdtq",
  },
  Object {
    "letter": "p",
    "max": 16,
    "min": 9,
    "password": "ppppppppcnbpvppphppr",
  },
  Object {
    "letter": "j",
    "max": 11,
    "min": 7,
    "password": "jjjjjjsjjjk",
  },
  Object {
    "letter": "n",
    "max": 6,
    "min": 3,
    "password": "cnnnnk",
  },
  Object {
    "letter": "l",
    "max": 6,
    "min": 3,
    "password": "glcllrllll",
  },
  Object {
    "letter": "s",
    "max": 3,
    "min": 2,
    "password": "scmxssssssssd",
  },
  Object {
    "letter": "c",
    "max": 16,
    "min": 8,
    "password": "cccfcccccccclbhcccc",
  },
  Object {
    "letter": "f",
    "max": 9,
    "min": 1,
    "password": "qfktgmfsgffqmsfsqp",
  },
  Object {
    "letter": "l",
    "max": 6,
    "min": 2,
    "password": "lhltlzlllqlwllzl",
  },
  Object {
    "letter": "b",
    "max": 10,
    "min": 5,
    "password": "flphbpspbbsbjnjf",
  },
  Object {
    "letter": "q",
    "max": 5,
    "min": 4,
    "password": "qbqcqq",
  },
  Object {
    "letter": "f",
    "max": 3,
    "min": 2,
    "password": "fgffstff",
  },
  Object {
    "letter": "w",
    "max": 10,
    "min": 3,
    "password": "wwwwwwwwwwwww",
  },
  Object {
    "letter": "d",
    "max": 12,
    "min": 11,
    "password": "ddddsdddddwkd",
  },
  Object {
    "letter": "h",
    "max": 9,
    "min": 6,
    "password": "hhhhfdqhhhq",
  },
  Object {
    "letter": "z",
    "max": 14,
    "min": 13,
    "password": "zzzzdxszzzzzzgzzzz",
  },
  Object {
    "letter": "l",
    "max": 4,
    "min": 3,
    "password": "lljjcnrlwsg",
  },
  Object {
    "letter": "c",
    "max": 9,
    "min": 7,
    "password": "jccsccccccc",
  },
  Object {
    "letter": "k",
    "max": 13,
    "min": 1,
    "password": "gkkkkkkkkkkksk",
  },
  Object {
    "letter": "w",
    "max": 13,
    "min": 6,
    "password": "wwwwxwwwwhwfrwwww",
  },
  Object {
    "letter": "z",
    "max": 6,
    "min": 5,
    "password": "zzzhjczzzzz",
  },
  Object {
    "letter": "t",
    "max": 5,
    "min": 4,
    "password": "ttttt",
  },
  Object {
    "letter": "j",
    "max": 9,
    "min": 5,
    "password": "jjjfjjjkkjjz",
  },
  Object {
    "letter": "l",
    "max": 11,
    "min": 5,
    "password": "lfzlxtbnlhrdl",
  },
  Object {
    "letter": "l",
    "max": 17,
    "min": 16,
    "password": "llklllllllllllllsl",
  },
  Object {
    "letter": "b",
    "max": 5,
    "min": 2,
    "password": "bbbbbbbd",
  },
  Object {
    "letter": "l",
    "max": 10,
    "min": 8,
    "password": "llllrllxld",
  },
  Object {
    "letter": "t",
    "max": 14,
    "min": 4,
    "password": "vxgtxxcvrlspxw",
  },
  Object {
    "letter": "b",
    "max": 4,
    "min": 2,
    "password": "jkhv",
  },
  Object {
    "letter": "f",
    "max": 11,
    "min": 10,
    "password": "zfffffffwkx",
  },
  Object {
    "letter": "w",
    "max": 4,
    "min": 3,
    "password": "wvvr",
  },
  Object {
    "letter": "h",
    "max": 14,
    "min": 6,
    "password": "rlcvzhgdhsrqchxvktrz",
  },
  Object {
    "letter": "r",
    "max": 16,
    "min": 12,
    "password": "kglbvbwtpfprrshrwc",
  },
  Object {
    "letter": "x",
    "max": 10,
    "min": 5,
    "password": "pktbxxxcxx",
  },
  Object {
    "letter": "d",
    "max": 6,
    "min": 4,
    "password": "dddmdsd",
  },
  Object {
    "letter": "x",
    "max": 7,
    "min": 4,
    "password": "xxxrjxcxxx",
  },
  Object {
    "letter": "m",
    "max": 7,
    "min": 1,
    "password": "tmnlwczfmqmmhfmc",
  },
  Object {
    "letter": "x",
    "max": 5,
    "min": 1,
    "password": "xxxhqkx",
  },
  Object {
    "letter": "t",
    "max": 15,
    "min": 5,
    "password": "trlltgtdqbttwst",
  },
  Object {
    "letter": "g",
    "max": 4,
    "min": 2,
    "password": "gggg",
  },
  Object {
    "letter": "n",
    "max": 6,
    "min": 3,
    "password": "qnnmnnnqwnjn",
  },
  Object {
    "letter": "g",
    "max": 14,
    "min": 5,
    "password": "gdwwwmgjrztgqcgmg",
  },
  Object {
    "letter": "s",
    "max": 4,
    "min": 2,
    "password": "psks",
  },
  Object {
    "letter": "h",
    "max": 7,
    "min": 6,
    "password": "qhbhhrhhh",
  },
  Object {
    "letter": "p",
    "max": 12,
    "min": 8,
    "password": "gdhhpndpkxsl",
  },
  Object {
    "letter": "p",
    "max": 6,
    "min": 5,
    "password": "pnptpp",
  },
  Object {
    "letter": "n",
    "max": 8,
    "min": 2,
    "password": "gnnznvnn",
  },
  Object {
    "letter": "z",
    "max": 19,
    "min": 14,
    "password": "zzkzzzzzzzzzzzzzzzzz",
  },
  Object {
    "letter": "h",
    "max": 10,
    "min": 5,
    "password": "wrzdwvvwftdgnthkfn",
  },
  Object {
    "letter": "t",
    "max": 4,
    "min": 2,
    "password": "lbnt",
  },
  Object {
    "letter": "b",
    "max": 12,
    "min": 8,
    "password": "bbbbbbnbbrbbbb",
  },
  Object {
    "letter": "x",
    "max": 3,
    "min": 2,
    "password": "xldp",
  },
  Object {
    "letter": "s",
    "max": 10,
    "min": 4,
    "password": "srsqqbrjndfwtnvwjww",
  },
  Object {
    "letter": "s",
    "max": 11,
    "min": 9,
    "password": "sssssssssbs",
  },
  Object {
    "letter": "q",
    "max": 9,
    "min": 5,
    "password": "qqqqvqqqvq",
  },
  Object {
    "letter": "b",
    "max": 4,
    "min": 2,
    "password": "jbrbtbtqfbqltb",
  },
  Object {
    "letter": "w",
    "max": 10,
    "min": 8,
    "password": "wwwwwwwwwww",
  },
  Object {
    "letter": "m",
    "max": 3,
    "min": 2,
    "password": "mmsm",
  },
  Object {
    "letter": "d",
    "max": 9,
    "min": 7,
    "password": "dddddkdddddddd",
  },
  Object {
    "letter": "c",
    "max": 6,
    "min": 5,
    "password": "cdxcccclc",
  },
  Object {
    "letter": "m",
    "max": 5,
    "min": 2,
    "password": "bhxmrxf",
  },
  Object {
    "letter": "w",
    "max": 14,
    "min": 7,
    "password": "wwwwdwrwwwwwqt",
  },
  Object {
    "letter": "d",
    "max": 17,
    "min": 16,
    "password": "dddddddddddddddqpd",
  },
  Object {
    "letter": "f",
    "max": 14,
    "min": 13,
    "password": "fffffffffffffd",
  },
  Object {
    "letter": "b",
    "max": 10,
    "min": 8,
    "password": "bnfqbqbxbxbb",
  },
  Object {
    "letter": "c",
    "max": 4,
    "min": 1,
    "password": "lcmb",
  },
  Object {
    "letter": "m",
    "max": 5,
    "min": 1,
    "password": "lmmnbkm",
  },
  Object {
    "letter": "v",
    "max": 18,
    "min": 10,
    "password": "vvvvvvvvvvvvvvvvvvvv",
  },
  Object {
    "letter": "f",
    "max": 3,
    "min": 2,
    "password": "wffrjzmbf",
  },
  Object {
    "letter": "t",
    "max": 11,
    "min": 5,
    "password": "tltkttgtqcttlt",
  },
  Object {
    "letter": "f",
    "max": 3,
    "min": 1,
    "password": "ffxffsscddh",
  },
  Object {
    "letter": "q",
    "max": 6,
    "min": 5,
    "password": "qdtmqqh",
  },
  Object {
    "letter": "d",
    "max": 6,
    "min": 2,
    "password": "jtddnpdmdk",
  },
  Object {
    "letter": "z",
    "max": 13,
    "min": 12,
    "password": "ztfpczcrzzqzzt",
  },
  Object {
    "letter": "x",
    "max": 17,
    "min": 11,
    "password": "xfxxxxhxxxkxxxxxt",
  },
  Object {
    "letter": "l",
    "max": 8,
    "min": 7,
    "password": "fhpcltllq",
  },
  Object {
    "letter": "k",
    "max": 3,
    "min": 1,
    "password": "bkdkk",
  },
  Object {
    "letter": "k",
    "max": 3,
    "min": 2,
    "password": "vkks",
  },
  Object {
    "letter": "c",
    "max": 8,
    "min": 6,
    "password": "pzvhwdlkpfc",
  },
  Object {
    "letter": "z",
    "max": 11,
    "min": 10,
    "password": "zzfzfzzzzzzzz",
  },
  Object {
    "letter": "p",
    "max": 4,
    "min": 3,
    "password": "ppllpvk",
  },
  Object {
    "letter": "b",
    "max": 13,
    "min": 12,
    "password": "bbbbbbbbbbblbb",
  },
  Object {
    "letter": "x",
    "max": 12,
    "min": 9,
    "password": "nlxxcxtxhjhx",
  },
  Object {
    "letter": "q",
    "max": 3,
    "min": 2,
    "password": "zqqqg",
  },
  Object {
    "letter": "m",
    "max": 13,
    "min": 5,
    "password": "mmmmkmmmmmmmm",
  },
  Object {
    "letter": "r",
    "max": 5,
    "min": 3,
    "password": "rsrtt",
  },
  Object {
    "letter": "d",
    "max": 8,
    "min": 1,
    "password": "dkvnxddd",
  },
  Object {
    "letter": "q",
    "max": 17,
    "min": 15,
    "password": "qqghqqqlsqdxqqqqq",
  },
  Object {
    "letter": "l",
    "max": 6,
    "min": 5,
    "password": "bllzxlll",
  },
  Object {
    "letter": "l",
    "max": 16,
    "min": 15,
    "password": "lllllllllllllwqll",
  },
  Object {
    "letter": "b",
    "max": 7,
    "min": 2,
    "password": "brmbptt",
  },
  Object {
    "letter": "m",
    "max": 19,
    "min": 2,
    "password": "wbjmmzmdmccnmjmmmxxm",
  },
  Object {
    "letter": "m",
    "max": 11,
    "min": 2,
    "password": "gmmmvcfmxhn",
  },
  Object {
    "letter": "v",
    "max": 15,
    "min": 13,
    "password": "vvbvxvvdldvnvtv",
  },
  Object {
    "letter": "t",
    "max": 16,
    "min": 15,
    "password": "tkttvttttttttsbf",
  },
  Object {
    "letter": "k",
    "max": 16,
    "min": 12,
    "password": "jkkkkkkkqkkkkfkkk",
  },
  Object {
    "letter": "d",
    "max": 15,
    "min": 12,
    "password": "hdpgdjbktdbsdtpjq",
  },
  Object {
    "letter": "v",
    "max": 10,
    "min": 2,
    "password": "vbvhvvvvvvwrsvvvv",
  },
  Object {
    "letter": "v",
    "max": 6,
    "min": 2,
    "password": "vzvvvvvvvvv",
  },
  Object {
    "letter": "q",
    "max": 11,
    "min": 8,
    "password": "qqqqkqqnqqv",
  },
  Object {
    "letter": "h",
    "max": 5,
    "min": 3,
    "password": "dcrhp",
  },
  Object {
    "letter": "b",
    "max": 7,
    "min": 6,
    "password": "bbpbbbrb",
  },
  Object {
    "letter": "q",
    "max": 17,
    "min": 2,
    "password": "qqqqqqqqqqqqqqqqqq",
  },
  Object {
    "letter": "h",
    "max": 12,
    "min": 11,
    "password": "hhhvhgzhhhxh",
  },
  Object {
    "letter": "p",
    "max": 14,
    "min": 12,
    "password": "pppppppppppppnp",
  },
  Object {
    "letter": "r",
    "max": 4,
    "min": 3,
    "password": "rlrrb",
  },
  Object {
    "letter": "s",
    "max": 9,
    "min": 4,
    "password": "zsskkscxs",
  },
  Object {
    "letter": "k",
    "max": 9,
    "min": 1,
    "password": "kkwkkkkgk",
  },
  Object {
    "letter": "q",
    "max": 10,
    "min": 7,
    "password": "dqnqqqpkqqqqsgbl",
  },
  Object {
    "letter": "p",
    "max": 13,
    "min": 11,
    "password": "ppppphqpppppp",
  },
  Object {
    "letter": "z",
    "max": 5,
    "min": 4,
    "password": "zzzwz",
  },
  Object {
    "letter": "j",
    "max": 7,
    "min": 3,
    "password": "mxjcjjjjbdfsjqhkff",
  },
  Object {
    "letter": "b",
    "max": 14,
    "min": 10,
    "password": "nqbkbplzwqhzhdhfbj",
  },
  Object {
    "letter": "t",
    "max": 6,
    "min": 5,
    "password": "ttnjqtqttt",
  },
  Object {
    "letter": "g",
    "max": 10,
    "min": 8,
    "password": "bkkggbzgctgk",
  },
  Object {
    "letter": "c",
    "max": 8,
    "min": 6,
    "password": "cccccsbf",
  },
  Object {
    "letter": "w",
    "max": 2,
    "min": 1,
    "password": "twwb",
  },
  Object {
    "letter": "n",
    "max": 8,
    "min": 3,
    "password": "snnqvqsfzhm",
  },
  Object {
    "letter": "z",
    "max": 6,
    "min": 5,
    "password": "mvzzzqzzvz",
  },
  Object {
    "letter": "b",
    "max": 18,
    "min": 14,
    "password": "bbbbsbbbbbbbbpbbbw",
  },
  Object {
    "letter": "f",
    "max": 12,
    "min": 11,
    "password": "fffffffffffv",
  },
  Object {
    "letter": "n",
    "max": 20,
    "min": 15,
    "password": "hnnnccnkftnzmszkllsg",
  },
  Object {
    "letter": "h",
    "max": 10,
    "min": 9,
    "password": "gcjhhhhsfmhhc",
  },
  Object {
    "letter": "t",
    "max": 18,
    "min": 11,
    "password": "ttttttttttrttttttpr",
  },
  Object {
    "letter": "x",
    "max": 16,
    "min": 6,
    "password": "xxxxxxxxxxxxxxxxx",
  },
  Object {
    "letter": "m",
    "max": 11,
    "min": 7,
    "password": "lcqggxfsbtphbqc",
  },
  Object {
    "letter": "t",
    "max": 20,
    "min": 7,
    "password": "khkhptldltdrtfcttwcp",
  },
  Object {
    "letter": "m",
    "max": 4,
    "min": 1,
    "password": "dmnxmmm",
  },
  Object {
    "letter": "n",
    "max": 16,
    "min": 15,
    "password": "qbxxtldfstdstbgtrx",
  },
  Object {
    "letter": "p",
    "max": 4,
    "min": 2,
    "password": "hhps",
  },
  Object {
    "letter": "g",
    "max": 18,
    "min": 8,
    "password": "gggggggjggggggggggg",
  },
  Object {
    "letter": "c",
    "max": 14,
    "min": 11,
    "password": "qccccccccclccnc",
  },
  Object {
    "letter": "s",
    "max": 6,
    "min": 5,
    "password": "fsnscs",
  },
  Object {
    "letter": "w",
    "max": 13,
    "min": 9,
    "password": "wkwkwwwwmvjrwdwwwvw",
  },
  Object {
    "letter": "r",
    "max": 17,
    "min": 16,
    "password": "rrrrrrrrrrrrrrrrz",
  },
  Object {
    "letter": "q",
    "max": 17,
    "min": 15,
    "password": "qqqdqqqqqqqrqqqqjqq",
  },
  Object {
    "letter": "d",
    "max": 11,
    "min": 6,
    "password": "dddvdmddndbddtt",
  },
  Object {
    "letter": "q",
    "max": 18,
    "min": 5,
    "password": "dvxkqjbqkkqqmtwjtmq",
  },
  Object {
    "letter": "k",
    "max": 6,
    "min": 4,
    "password": "tkgkkk",
  },
  Object {
    "letter": "m",
    "max": 5,
    "min": 2,
    "password": "mgmmm",
  },
  Object {
    "letter": "k",
    "max": 4,
    "min": 3,
    "password": "kkkkkk",
  },
  Object {
    "letter": "b",
    "max": 4,
    "min": 1,
    "password": "qbbhjjgvlbsrrtbbgx",
  },
  Object {
    "letter": "n",
    "max": 6,
    "min": 1,
    "password": "lnnnft",
  },
  Object {
    "letter": "d",
    "max": 15,
    "min": 12,
    "password": "hdfltndlzbcdzfd",
  },
  Object {
    "letter": "l",
    "max": 8,
    "min": 3,
    "password": "sdlzgldl",
  },
  Object {
    "letter": "w",
    "max": 12,
    "min": 11,
    "password": "wwwpgrwzwwpwwrgdwzw",
  },
  Object {
    "letter": "f",
    "max": 9,
    "min": 8,
    "password": "dplhfcvffffrqf",
  },
  Object {
    "letter": "w",
    "max": 6,
    "min": 4,
    "password": "ztvztwwgwq",
  },
  Object {
    "letter": "c",
    "max": 8,
    "min": 3,
    "password": "zdpcccvzntfc",
  },
  Object {
    "letter": "w",
    "max": 4,
    "min": 2,
    "password": "cgfcrslfwldbzsdxd",
  },
  Object {
    "letter": "h",
    "max": 12,
    "min": 7,
    "password": "hhhhhhxhhhhhhhh",
  },
  Object {
    "letter": "n",
    "max": 5,
    "min": 3,
    "password": "nnnbnnnnnnnnnnnnnnn",
  },
  Object {
    "letter": "j",
    "max": 15,
    "min": 14,
    "password": "jjjdjjjjjcjjjhtjjjj",
  },
  Object {
    "letter": "j",
    "max": 4,
    "min": 3,
    "password": "jszj",
  },
  Object {
    "letter": "v",
    "max": 5,
    "min": 2,
    "password": "vvvvv",
  },
  Object {
    "letter": "k",
    "max": 3,
    "min": 1,
    "password": "tkpk",
  },
  Object {
    "letter": "l",
    "max": 7,
    "min": 6,
    "password": "lllllll",
  },
  Object {
    "letter": "m",
    "max": 4,
    "min": 3,
    "password": "sxcb",
  },
  Object {
    "letter": "s",
    "max": 8,
    "min": 3,
    "password": "wssssssctsk",
  },
  Object {
    "letter": "t",
    "max": 15,
    "min": 13,
    "password": "tltrthphnvrfhtt",
  },
  Object {
    "letter": "k",
    "max": 14,
    "min": 2,
    "password": "krkkkkkkkkkkkpkknkkk",
  },
  Object {
    "letter": "x",
    "max": 7,
    "min": 4,
    "password": "xdzxxlx",
  },
  Object {
    "letter": "j",
    "max": 16,
    "min": 11,
    "password": "jrrtjtjstrjtfjjjj",
  },
  Object {
    "letter": "r",
    "max": 7,
    "min": 4,
    "password": "drrdbnjhb",
  },
  Object {
    "letter": "q",
    "max": 10,
    "min": 4,
    "password": "thqqhgqqfrr",
  },
  Object {
    "letter": "r",
    "max": 12,
    "min": 11,
    "password": "rrpwrrzrsrrr",
  },
  Object {
    "letter": "g",
    "max": 17,
    "min": 10,
    "password": "gmwpvcbxtgjlcgznlrjp",
  },
  Object {
    "letter": "b",
    "max": 17,
    "min": 13,
    "password": "knbpcbzxvnvnnxwhwnzj",
  },
  Object {
    "letter": "c",
    "max": 4,
    "min": 2,
    "password": "ccctcc",
  },
  Object {
    "letter": "t",
    "max": 10,
    "min": 7,
    "password": "kstttdlttn",
  },
  Object {
    "letter": "b",
    "max": 7,
    "min": 6,
    "password": "bbbfbbb",
  },
  Object {
    "letter": "c",
    "max": 14,
    "min": 13,
    "password": "txhkmvxwqjdjph",
  },
  Object {
    "letter": "n",
    "max": 10,
    "min": 9,
    "password": "pknnpbstnnwztsjkfc",
  },
  Object {
    "letter": "k",
    "max": 5,
    "min": 4,
    "password": "kqtqk",
  },
  Object {
    "letter": "p",
    "max": 15,
    "min": 13,
    "password": "kndptjczrnqtphl",
  },
  Object {
    "letter": "x",
    "max": 3,
    "min": 1,
    "password": "pxxxx",
  },
  Object {
    "letter": "r",
    "max": 12,
    "min": 11,
    "password": "lrcgqtrmjjrrxhg",
  },
  Object {
    "letter": "f",
    "max": 4,
    "min": 1,
    "password": "ffdf",
  },
  Object {
    "letter": "d",
    "max": 18,
    "min": 7,
    "password": "cdddddsddddddddddd",
  },
  Object {
    "letter": "r",
    "max": 10,
    "min": 4,
    "password": "rrrrrwrrrrrf",
  },
  Object {
    "letter": "p",
    "max": 12,
    "min": 11,
    "password": "dpvmgjrmfspp",
  },
  Object {
    "letter": "q",
    "max": 2,
    "min": 1,
    "password": "snqqqgq",
  },
  Object {
    "letter": "x",
    "max": 12,
    "min": 11,
    "password": "fxxxhxxxlxbxxqx",
  },
  Object {
    "letter": "p",
    "max": 4,
    "min": 3,
    "password": "kscf",
  },
  Object {
    "letter": "n",
    "max": 16,
    "min": 13,
    "password": "nnnnnnnnnnnnnnnnn",
  },
  Object {
    "letter": "h",
    "max": 4,
    "min": 3,
    "password": "phpqz",
  },
  Object {
    "letter": "c",
    "max": 2,
    "min": 1,
    "password": "ccccc",
  },
  Object {
    "letter": "f",
    "max": 15,
    "min": 7,
    "password": "fffbffhfkfjfftfgf",
  },
  Object {
    "letter": "q",
    "max": 3,
    "min": 2,
    "password": "wqwqqspqq",
  },
  Object {
    "letter": "j",
    "max": 14,
    "min": 12,
    "password": "jqjjjgsjjjjgjj",
  },
  Object {
    "letter": "b",
    "max": 13,
    "min": 2,
    "password": "bbbjbblvgbbbbbbbdb",
  },
  Object {
    "letter": "t",
    "max": 7,
    "min": 4,
    "password": "thxhnps",
  },
  Object {
    "letter": "n",
    "max": 9,
    "min": 6,
    "password": "nvqjgjmxlb",
  },
  Object {
    "letter": "k",
    "max": 5,
    "min": 2,
    "password": "kkmknkkk",
  },
  Object {
    "letter": "z",
    "max": 13,
    "min": 9,
    "password": "szqlkssjlzzzbtcv",
  },
  Object {
    "letter": "w",
    "max": 10,
    "min": 9,
    "password": "hwwwwwwwww",
  },
  Object {
    "letter": "s",
    "max": 16,
    "min": 15,
    "password": "sssssssssssssshk",
  },
  Object {
    "letter": "q",
    "max": 6,
    "min": 1,
    "password": "qqtwqqqw",
  },
  Object {
    "letter": "s",
    "max": 7,
    "min": 1,
    "password": "sssssssss",
  },
  Object {
    "letter": "n",
    "max": 5,
    "min": 1,
    "password": "nnnnkzn",
  },
  Object {
    "letter": "x",
    "max": 16,
    "min": 9,
    "password": "rdxxzkvhnxwxlxnl",
  },
  Object {
    "letter": "g",
    "max": 18,
    "min": 16,
    "password": "gggsgggggggggggbgrgg",
  },
  Object {
    "letter": "s",
    "max": 15,
    "min": 10,
    "password": "sssszsssswcsssg",
  },
  Object {
    "letter": "n",
    "max": 11,
    "min": 7,
    "password": "ndlwfrtcnntdjbtgz",
  },
  Object {
    "letter": "c",
    "max": 3,
    "min": 1,
    "password": "cccdzb",
  },
  Object {
    "letter": "n",
    "max": 9,
    "min": 7,
    "password": "bczssstrkctjxttmhgcg",
  },
  Object {
    "letter": "d",
    "max": 3,
    "min": 2,
    "password": "dthdd",
  },
  Object {
    "letter": "l",
    "max": 10,
    "min": 6,
    "password": "llllllllll",
  },
  Object {
    "letter": "t",
    "max": 5,
    "min": 4,
    "password": "tptttgwtttd",
  },
  Object {
    "letter": "l",
    "max": 6,
    "min": 5,
    "password": "llllzml",
  },
  Object {
    "letter": "g",
    "max": 5,
    "min": 4,
    "password": "ggggggxglgdggggw",
  },
  Object {
    "letter": "r",
    "max": 9,
    "min": 2,
    "password": "rrxrrrrrmrp",
  },
  Object {
    "letter": "g",
    "max": 20,
    "min": 19,
    "password": "gpgbgkqggglqghgghtpl",
  },
  Object {
    "letter": "k",
    "max": 6,
    "min": 5,
    "password": "skfmkk",
  },
  Object {
    "letter": "f",
    "max": 13,
    "min": 5,
    "password": "pwwkfglvfntqntptggfb",
  },
  Object {
    "letter": "w",
    "max": 8,
    "min": 7,
    "password": "wwwwwwwww",
  },
  Object {
    "letter": "w",
    "max": 6,
    "min": 4,
    "password": "wwwwbwdsh",
  },
  Object {
    "letter": "l",
    "max": 2,
    "min": 1,
    "password": "lllp",
  },
  Object {
    "letter": "q",
    "max": 7,
    "min": 6,
    "password": "qqqqqwx",
  },
  Object {
    "letter": "m",
    "max": 11,
    "min": 10,
    "password": "btmwwldfzhw",
  },
  Object {
    "letter": "j",
    "max": 13,
    "min": 12,
    "password": "jfjjjjjjjjjjjjj",
  },
  Object {
    "letter": "n",
    "max": 6,
    "min": 2,
    "password": "cmfsjnrhlsf",
  },
  Object {
    "letter": "q",
    "max": 5,
    "min": 4,
    "password": "qqqlbq",
  },
  Object {
    "letter": "z",
    "max": 15,
    "min": 13,
    "password": "zzzzzzzzzzzzlzzz",
  },
  Object {
    "letter": "m",
    "max": 6,
    "min": 4,
    "password": "mpsqmhmzmn",
  },
  Object {
    "letter": "s",
    "max": 9,
    "min": 5,
    "password": "dswmrsxvkwrfnc",
  },
  Object {
    "letter": "v",
    "max": 10,
    "min": 8,
    "password": "vvvvvvvvvvvv",
  },
  Object {
    "letter": "h",
    "max": 16,
    "min": 14,
    "password": "hhhhhhhhhbhhhhhhh",
  },
  Object {
    "letter": "p",
    "max": 10,
    "min": 9,
    "password": "bphppnwzmpp",
  },
  Object {
    "letter": "x",
    "max": 7,
    "min": 6,
    "password": "xxxxgdzx",
  },
  Object {
    "letter": "j",
    "max": 4,
    "min": 3,
    "password": "smshf",
  },
  Object {
    "letter": "h",
    "max": 4,
    "min": 3,
    "password": "whnj",
  },
  Object {
    "letter": "z",
    "max": 8,
    "min": 6,
    "password": "zzzzzlztzz",
  },
  Object {
    "letter": "v",
    "max": 6,
    "min": 5,
    "password": "vvrcgvlbvczfbqvv",
  },
  Object {
    "letter": "v",
    "max": 3,
    "min": 1,
    "password": "vvdvv",
  },
  Object {
    "letter": "t",
    "max": 5,
    "min": 3,
    "password": "smtgts",
  },
  Object {
    "letter": "b",
    "max": 7,
    "min": 6,
    "password": "fbbkblbxpbnrw",
  },
  Object {
    "letter": "t",
    "max": 15,
    "min": 12,
    "password": "ttttttttttttwtvtttt",
  },
  Object {
    "letter": "s",
    "max": 4,
    "min": 3,
    "password": "psss",
  },
  Object {
    "letter": "x",
    "max": 17,
    "min": 13,
    "password": "xxxxxrzxxxxxxjgbxxx",
  },
  Object {
    "letter": "r",
    "max": 10,
    "min": 9,
    "password": "rdmrrhrrrrprrsrrh",
  },
  Object {
    "letter": "j",
    "max": 5,
    "min": 4,
    "password": "tjpgtjn",
  },
  Object {
    "letter": "n",
    "max": 11,
    "min": 2,
    "password": "ncdwnnwnntnvpnnznjnn",
  },
  Object {
    "letter": "d",
    "max": 5,
    "min": 3,
    "password": "ddmxtddjddddddd",
  },
  Object {
    "letter": "z",
    "max": 5,
    "min": 1,
    "password": "zzzskzc",
  },
  Object {
    "letter": "d",
    "max": 8,
    "min": 1,
    "password": "dwnlmtjdfsdmddrsdwd",
  },
  Object {
    "letter": "k",
    "max": 11,
    "min": 4,
    "password": "hllktmpbndlgphxb",
  },
  Object {
    "letter": "n",
    "max": 6,
    "min": 3,
    "password": "tnncnnnqdbgmgnn",
  },
  Object {
    "letter": "x",
    "max": 13,
    "min": 12,
    "password": "xxcxxxxxxxxctxx",
  },
  Object {
    "letter": "s",
    "max": 10,
    "min": 5,
    "password": "sssslsxmssss",
  },
  Object {
    "letter": "x",
    "max": 6,
    "min": 1,
    "password": "xxxxxxxv",
  },
  Object {
    "letter": "n",
    "max": 9,
    "min": 6,
    "password": "nxjfsbqppwhnn",
  },
  Object {
    "letter": "j",
    "max": 7,
    "min": 5,
    "password": "jjjjjjjjjfjmtln",
  },
  Object {
    "letter": "d",
    "max": 11,
    "min": 6,
    "password": "dddddfddddddjd",
  },
  Object {
    "letter": "s",
    "max": 5,
    "min": 3,
    "password": "fshssvps",
  },
  Object {
    "letter": "k",
    "max": 5,
    "min": 1,
    "password": "tkkfhkk",
  },
  Object {
    "letter": "h",
    "max": 7,
    "min": 3,
    "password": "pwjbmswg",
  },
  Object {
    "letter": "k",
    "max": 5,
    "min": 1,
    "password": "kkkkkkvtkt",
  },
  Object {
    "letter": "j",
    "max": 10,
    "min": 8,
    "password": "jjjjjwjjqj",
  },
  Object {
    "letter": "g",
    "max": 17,
    "min": 16,
    "password": "pggznvrnxlgdrlvgg",
  },
  Object {
    "letter": "z",
    "max": 4,
    "min": 2,
    "password": "zzjf",
  },
  Object {
    "letter": "h",
    "max": 5,
    "min": 2,
    "password": "dmltcxthx",
  },
  Object {
    "letter": "m",
    "max": 3,
    "min": 1,
    "password": "mmmmm",
  },
  Object {
    "letter": "g",
    "max": 15,
    "min": 14,
    "password": "ggggggggggglglgm",
  },
  Object {
    "letter": "m",
    "max": 6,
    "min": 4,
    "password": "wvmmdm",
  },
  Object {
    "letter": "c",
    "max": 14,
    "min": 11,
    "password": "ccccccccccccdcz",
  },
  Object {
    "letter": "w",
    "max": 10,
    "min": 9,
    "password": "qswzbfwbww",
  },
  Object {
    "letter": "s",
    "max": 20,
    "min": 15,
    "password": "qblspjsxzpsqlgktwssc",
  },
  Object {
    "letter": "q",
    "max": 12,
    "min": 11,
    "password": "qzqcqkqqfqqgqqqbpww",
  },
  Object {
    "letter": "d",
    "max": 5,
    "min": 3,
    "password": "ddfdwv",
  },
  Object {
    "letter": "t",
    "max": 10,
    "min": 2,
    "password": "vwjlkzjwztrmrmbwftnj",
  },
  Object {
    "letter": "s",
    "max": 10,
    "min": 8,
    "password": "sssssssssx",
  },
  Object {
    "letter": "r",
    "max": 14,
    "min": 13,
    "password": "rrrrnfrhmrrrrr",
  },
  Object {
    "letter": "l",
    "max": 10,
    "min": 6,
    "password": "mgpjzjshjdc",
  },
  Object {
    "letter": "l",
    "max": 6,
    "min": 1,
    "password": "llllhlldll",
  },
  Object {
    "letter": "q",
    "max": 12,
    "min": 11,
    "password": "qqqqqqqqqqqq",
  },
  Object {
    "letter": "w",
    "max": 4,
    "min": 3,
    "password": "wzzsk",
  },
  Object {
    "letter": "x",
    "max": 9,
    "min": 7,
    "password": "xxxxwbchx",
  },
  Object {
    "letter": "k",
    "max": 4,
    "min": 3,
    "password": "kkbx",
  },
  Object {
    "letter": "h",
    "max": 9,
    "min": 8,
    "password": "bhvhhqhhn",
  },
  Object {
    "letter": "k",
    "max": 11,
    "min": 10,
    "password": "bkbkztrzrfk",
  },
  Object {
    "letter": "p",
    "max": 8,
    "min": 3,
    "password": "gdptpvpp",
  },
  Object {
    "letter": "s",
    "max": 12,
    "min": 11,
    "password": "ssmrsssstsbj",
  },
  Object {
    "letter": "w",
    "max": 4,
    "min": 3,
    "password": "lgxvgbkwdggwfhwn",
  },
  Object {
    "letter": "z",
    "max": 12,
    "min": 8,
    "password": "xmdzgsrzmnck",
  },
  Object {
    "letter": "g",
    "max": 3,
    "min": 2,
    "password": "gjfvtgrrfg",
  },
  Object {
    "letter": "n",
    "max": 11,
    "min": 9,
    "password": "nnnnnnnnnnnn",
  },
  Object {
    "letter": "d",
    "max": 17,
    "min": 10,
    "password": "dddddddddqddddddgd",
  },
  Object {
    "letter": "b",
    "max": 13,
    "min": 12,
    "password": "bbbbbbbbbbvxb",
  },
  Object {
    "letter": "q",
    "max": 14,
    "min": 10,
    "password": "qqqgsxdqdpqrqqcb",
  },
  Object {
    "letter": "n",
    "max": 6,
    "min": 2,
    "password": "fhzqdzp",
  },
  Object {
    "letter": "n",
    "max": 5,
    "min": 3,
    "password": "fknfn",
  },
  Object {
    "letter": "g",
    "max": 7,
    "min": 6,
    "password": "gvtqlgz",
  },
  Object {
    "letter": "z",
    "max": 19,
    "min": 16,
    "password": "jzlhzxtvgzzvfvhmrsb",
  },
  Object {
    "letter": "z",
    "max": 10,
    "min": 9,
    "password": "zkztlzjzmrr",
  },
  Object {
    "letter": "p",
    "max": 15,
    "min": 14,
    "password": "pppppppppppppfpp",
  },
  Object {
    "letter": "z",
    "max": 14,
    "min": 8,
    "password": "zzzzzzzszzzzzxz",
  },
  Object {
    "letter": "f",
    "max": 17,
    "min": 11,
    "password": "vfbzfcffffffffffpf",
  },
  Object {
    "letter": "p",
    "max": 20,
    "min": 16,
    "password": "hqgnrpzcxvqhgnqrbfcp",
  },
  Object {
    "letter": "x",
    "max": 15,
    "min": 14,
    "password": "xdptxmxxnchxxklcxzrx",
  },
  Object {
    "letter": "p",
    "max": 14,
    "min": 10,
    "password": "wxtxgvncxpgppppbflkp",
  },
  Object {
    "letter": "k",
    "max": 7,
    "min": 6,
    "password": "fllvzqjkpkkjnlnkbjk",
  },
  Object {
    "letter": "p",
    "max": 4,
    "min": 2,
    "password": "hxjzvkqflmktcvpk",
  },
  Object {
    "letter": "m",
    "max": 8,
    "min": 4,
    "password": "zpbmcqhmxnbmpmdhkdxz",
  },
  Object {
    "letter": "d",
    "max": 7,
    "min": 5,
    "password": "bnbdcccnvcdrpg",
  },
  Object {
    "letter": "g",
    "max": 19,
    "min": 15,
    "password": "gjgggggggggggfggggj",
  },
  Object {
    "letter": "v",
    "max": 11,
    "min": 7,
    "password": "kvvzjvqfjvlvksrphv",
  },
  Object {
    "letter": "j",
    "max": 15,
    "min": 2,
    "password": "jxzwjwtjjxlxjjjjjjjj",
  },
  Object {
    "letter": "n",
    "max": 13,
    "min": 9,
    "password": "nnnnnnnnznnnznnpbn",
  },
  Object {
    "letter": "j",
    "max": 9,
    "min": 8,
    "password": "ljjjnjgjjvjdjfjl",
  },
  Object {
    "letter": "q",
    "max": 7,
    "min": 6,
    "password": "qqqvqkqqn",
  },
  Object {
    "letter": "w",
    "max": 6,
    "min": 5,
    "password": "twldlwww",
  },
  Object {
    "letter": "k",
    "max": 13,
    "min": 10,
    "password": "kkkkfkkkkglkv",
  },
  Object {
    "letter": "c",
    "max": 19,
    "min": 11,
    "password": "vzgccvbksxwcvhxglkw",
  },
  Object {
    "letter": "h",
    "max": 5,
    "min": 3,
    "password": "hhjhwp",
  },
  Object {
    "letter": "x",
    "max": 5,
    "min": 4,
    "password": "zxkcx",
  },
  Object {
    "letter": "m",
    "max": 3,
    "min": 2,
    "password": "rmjrvlsm",
  },
  Object {
    "letter": "v",
    "max": 4,
    "min": 2,
    "password": "vvvvvv",
  },
  Object {
    "letter": "g",
    "max": 5,
    "min": 1,
    "password": "ggggbg",
  },
  Object {
    "letter": "q",
    "max": 5,
    "min": 4,
    "password": "qqqlkqqq",
  },
  Object {
    "letter": "j",
    "max": 5,
    "min": 4,
    "password": "tjznjjm",
  },
  Object {
    "letter": "g",
    "max": 12,
    "min": 1,
    "password": "ggggggggggggg",
  },
  Object {
    "letter": "s",
    "max": 10,
    "min": 1,
    "password": "dssssssssssss",
  },
  Object {
    "letter": "r",
    "max": 7,
    "min": 6,
    "password": "rfrrrrmrr",
  },
  Object {
    "letter": "s",
    "max": 6,
    "min": 3,
    "password": "hljhqs",
  },
  Object {
    "letter": "j",
    "max": 11,
    "min": 2,
    "password": "jfjjljsjdcr",
  },
  Object {
    "letter": "m",
    "max": 8,
    "min": 7,
    "password": "smzmmmmm",
  },
  Object {
    "letter": "h",
    "max": 8,
    "min": 6,
    "password": "mhhmsxhqthcfb",
  },
  Object {
    "letter": "w",
    "max": 9,
    "min": 2,
    "password": "jwlbwngdw",
  },
  Object {
    "letter": "v",
    "max": 7,
    "min": 4,
    "password": "vvvlvvzvv",
  },
  Object {
    "letter": "z",
    "max": 9,
    "min": 5,
    "password": "bgzbzpfvjqvkbqstg",
  },
  Object {
    "letter": "v",
    "max": 10,
    "min": 6,
    "password": "pvslvlvlvv",
  },
  Object {
    "letter": "x",
    "max": 13,
    "min": 6,
    "password": "tbmsxxxjdwnfr",
  },
  Object {
    "letter": "r",
    "max": 13,
    "min": 11,
    "password": "rrzrpwprrrrrrd",
  },
  Object {
    "letter": "k",
    "max": 15,
    "min": 14,
    "password": "pdbnmhrfppnxfkkvfxvk",
  },
  Object {
    "letter": "t",
    "max": 12,
    "min": 10,
    "password": "tttttttttttgtttt",
  },
  Object {
    "letter": "g",
    "max": 8,
    "min": 6,
    "password": "ltbggnrgr",
  },
  Object {
    "letter": "d",
    "max": 12,
    "min": 9,
    "password": "dpdddddddddd",
  },
  Object {
    "letter": "q",
    "max": 11,
    "min": 10,
    "password": "sqrqqqqqqqq",
  },
  Object {
    "letter": "j",
    "max": 14,
    "min": 4,
    "password": "jjjjjjjjjjjjjjjjjj",
  },
  Object {
    "letter": "c",
    "max": 16,
    "min": 15,
    "password": "cccccccccccccctc",
  },
  Object {
    "letter": "z",
    "max": 9,
    "min": 4,
    "password": "gzzzzzhzzbzzzdv",
  },
  Object {
    "letter": "x",
    "max": 13,
    "min": 2,
    "password": "glxmkxxxxxxxxxx",
  },
  Object {
    "letter": "n",
    "max": 12,
    "min": 3,
    "password": "ccnvfnxxkpdxnpdppcn",
  },
  Object {
    "letter": "w",
    "max": 7,
    "min": 4,
    "password": "wnrwlzwrlbrrwvs",
  },
  Object {
    "letter": "t",
    "max": 16,
    "min": 13,
    "password": "tttttmttttttwtttt",
  },
  Object {
    "letter": "l",
    "max": 6,
    "min": 5,
    "password": "cllhqlzlblv",
  },
  Object {
    "letter": "s",
    "max": 15,
    "min": 13,
    "password": "mtfbvkkjznwsssl",
  },
  Object {
    "letter": "k",
    "max": 13,
    "min": 2,
    "password": "lksdvschkvfchrwkf",
  },
  Object {
    "letter": "j",
    "max": 6,
    "min": 3,
    "password": "fdjnjbf",
  },
  Object {
    "letter": "l",
    "max": 8,
    "min": 7,
    "password": "llrzbldc",
  },
  Object {
    "letter": "l",
    "max": 4,
    "min": 2,
    "password": "ljnrv",
  },
  Object {
    "letter": "h",
    "max": 5,
    "min": 1,
    "password": "qhhpt",
  },
  Object {
    "letter": "k",
    "max": 4,
    "min": 2,
    "password": "rhwkqk",
  },
  Object {
    "letter": "d",
    "max": 20,
    "min": 17,
    "password": "cqdxmvnqtdddddznnddl",
  },
  Object {
    "letter": "z",
    "max": 4,
    "min": 1,
    "password": "zzzzz",
  },
  Object {
    "letter": "v",
    "max": 10,
    "min": 3,
    "password": "vvgvvvvvvtvvvvh",
  },
  Object {
    "letter": "q",
    "max": 9,
    "min": 4,
    "password": "fwqnjqqjkjq",
  },
  Object {
    "letter": "r",
    "max": 17,
    "min": 9,
    "password": "rrrrrrrrrjrrrcwrtf",
  },
  Object {
    "letter": "k",
    "max": 5,
    "min": 4,
    "password": "kkkzkkkk",
  },
  Object {
    "letter": "m",
    "max": 14,
    "min": 9,
    "password": "mmhmmfhhmmmsmm",
  },
  Object {
    "letter": "h",
    "max": 9,
    "min": 6,
    "password": "hshhhhhhh",
  },
  Object {
    "letter": "n",
    "max": 4,
    "min": 3,
    "password": "ngnnn",
  },
  Object {
    "letter": "b",
    "max": 17,
    "min": 8,
    "password": "zbvbpgqbsrzwmxzdbfw",
  },
  Object {
    "letter": "k",
    "max": 8,
    "min": 4,
    "password": "wktkzcbg",
  },
  Object {
    "letter": "w",
    "max": 9,
    "min": 8,
    "password": "wwddwcrwwpkbswswwkx",
  },
  Object {
    "letter": "d",
    "max": 13,
    "min": 5,
    "password": "dndddpfdzfdvpzdhddd",
  },
  Object {
    "letter": "p",
    "max": 16,
    "min": 11,
    "password": "fplppmnxvzpqsngpp",
  },
  Object {
    "letter": "h",
    "max": 12,
    "min": 1,
    "password": "hhbhhhhhqghhhhhhxhh",
  },
  Object {
    "letter": "z",
    "max": 12,
    "min": 11,
    "password": "zzzzzzzzzzhz",
  },
  Object {
    "letter": "h",
    "max": 5,
    "min": 3,
    "password": "bhdhkl",
  },
  Object {
    "letter": "h",
    "max": 4,
    "min": 3,
    "password": "hcvl",
  },
  Object {
    "letter": "d",
    "max": 4,
    "min": 3,
    "password": "zbddddcrpgdxddt",
  },
  Object {
    "letter": "j",
    "max": 18,
    "min": 17,
    "password": "qzwfjjkfpkggsjqvjwx",
  },
  Object {
    "letter": "j",
    "max": 13,
    "min": 9,
    "password": "wfjtjjjgjjmtjjwjlh",
  },
  Object {
    "letter": "f",
    "max": 5,
    "min": 2,
    "password": "xdpsfkpzvfmhf",
  },
  Object {
    "letter": "c",
    "max": 5,
    "min": 4,
    "password": "cccccc",
  },
  Object {
    "letter": "h",
    "max": 14,
    "min": 13,
    "password": "hhhjhhhhhhhmshhh",
  },
  Object {
    "letter": "t",
    "max": 14,
    "min": 9,
    "password": "tttttttttttttntth",
  },
  Object {
    "letter": "s",
    "max": 6,
    "min": 5,
    "password": "ssssdks",
  },
  Object {
    "letter": "t",
    "max": 8,
    "min": 1,
    "password": "tgbtdkht",
  },
  Object {
    "letter": "h",
    "max": 8,
    "min": 4,
    "password": "mhbhpvhh",
  },
  Object {
    "letter": "x",
    "max": 18,
    "min": 17,
    "password": "xxxnxqjgxclqkxxxxx",
  },
  Object {
    "letter": "g",
    "max": 5,
    "min": 2,
    "password": "jmvmgnghr",
  },
  Object {
    "letter": "n",
    "max": 16,
    "min": 13,
    "password": "nnnnnnhqnnnnnvnnn",
  },
  Object {
    "letter": "v",
    "max": 7,
    "min": 3,
    "password": "ngqvtvfbdlr",
  },
  Object {
    "letter": "c",
    "max": 14,
    "min": 8,
    "password": "cnmrshvhlqnchtcbrgh",
  },
  Object {
    "letter": "n",
    "max": 9,
    "min": 7,
    "password": "tfqswnnrg",
  },
  Object {
    "letter": "x",
    "max": 16,
    "min": 11,
    "password": "kgxgvcftmxgxbnxg",
  },
  Object {
    "letter": "n",
    "max": 4,
    "min": 2,
    "password": "zqnd",
  },
  Object {
    "letter": "w",
    "max": 3,
    "min": 1,
    "password": "wwwncwwwkwfww",
  },
  Object {
    "letter": "z",
    "max": 9,
    "min": 8,
    "password": "zzzbzzzzzzzzzzzzz",
  },
  Object {
    "letter": "k",
    "max": 20,
    "min": 17,
    "password": "kkkkkkkkkkkkkkkkkkkk",
  },
  Object {
    "letter": "q",
    "max": 5,
    "min": 3,
    "password": "hjqrqsq",
  },
  Object {
    "letter": "h",
    "max": 13,
    "min": 12,
    "password": "hhhhhhhhfhhhh",
  },
  Object {
    "letter": "x",
    "max": 4,
    "min": 3,
    "password": "gxxjphxx",
  },
  Object {
    "letter": "g",
    "max": 6,
    "min": 4,
    "password": "sbwggg",
  },
]
`;
